[backblue.gif]
[fade.gif]
[index.html]
[kodesolution.website/html/html/health-beauty/medical/medizone-html/v2.0/demo/images/favicon.png]
[kodesolution.website/html/html/health-beauty/medical/medizone-html/v2.0/demo/images/apple-touch-icon.png]
[kodesolution.website/html/html/health-beauty/medical/medizone-html/v2.0/demo/images/apple-touch-icon-72x72.png]
[kodesolution.website/html/html/health-beauty/medical/medizone-html/v2.0/demo/images/apple-touch-icon-114x114.png]
[kodesolution.website/html/html/health-beauty/medical/medizone-html/v2.0/demo/images/apple-touch-icon-144x144.png]
[kodesolution.website/html/html/health-beauty/medical/medizone-html/v2.0/demo/js/jquery-2.2.4.min.js]
[kodesolution.website/html/html/health-beauty/medical/medizone-html/v2.0/demo/js/jquery-ui.min.js]
[kodesolution.website/html/html/health-beauty/medical/medizone-html/v2.0/demo/js/bootstrap.min.js]
[kodesolution.website/html/html/health-beauty/medical/medizone-html/v2.0/demo/js/jquery-plugin-collection.js]
[kodesolution.website/html/html/health-beauty/medical/medizone-html/v2.0/demo/js/revolution-slider/js/jquery.themepunch.tools.min.js]
[kodesolution.website/html/html/health-beauty/medical/medizone-html/v2.0/demo/js/revolution-slider/js/jquery.themepunch.revolution.min.js]
[kodesolution.website/html/html/health-beauty/medical/medizone-html/v2.0/demo/images/logo-wide.png]
[kodesolution.website/html/html/health-beauty/medical/medizone-html/v2.0/demo/images/bg/bg4.jpg]
[kodesolution.website/html/html/health-beauty/medical/medizone-html/v2.0/demo/images/bg/bg2.jpg]
[kodesolution.website/html/html/health-beauty/medical/medizone-html/v2.0/demo/images/bg/bg1.jpg]
[kodesolution.website/html/html/health-beauty/medical/medizone-html/v2.0/demo/images/depertments/s1.jpg]
[kodesolution.website/html/html/health-beauty/medical/medizone-html/v2.0/demo/images/depertments/s2.jpg]
[kodesolution.website/html/html/health-beauty/medical/medizone-html/v2.0/demo/images/depertments/s3.jpg]
[kodesolution.website/html/html/health-beauty/medical/medizone-html/v2.0/demo/images/depertments/s4.jpg]
[kodesolution.website/html/html/health-beauty/medical/medizone-html/v2.0/demo/images/depertments/s6.jpg]
[kodesolution.website/html/html/health-beauty/medical/medizone-html/v2.0/demo/images/depertments/s5.jpg]
[kodesolution.website/html/html/health-beauty/medical/medizone-html/v2.0/demo/images/depertments/s7.jpg]
[kodesolution.website/html/html/health-beauty/medical/medizone-html/v2.0/demo/images/depertments/s8.jpg]
[kodesolution.website/html/html/health-beauty/medical/medizone-html/v2.0/demo/images/team/team1.jpg]
[kodesolution.website/html/html/health-beauty/medical/medizone-html/v2.0/demo/images/team/team2.jpg]
[kodesolution.website/html/html/health-beauty/medical/medizone-html/v2.0/demo/images/team/team3.jpg]
[kodesolution.website/html/html/health-beauty/medical/medizone-html/v2.0/demo/images/team/team4.jpg]
[kodesolution.website/html/html/health-beauty/medical/medizone-html/v2.0/demo/images/blog/ln1.jpg]
[kodesolution.website/html/html/health-beauty/medical/medizone-html/v2.0/demo/images/blog/ln2.jpg]
[kodesolution.website/html/html/health-beauty/medical/medizone-html/v2.0/demo/images/blog/ln3.jpg]
[kodesolution.website/html/html/health-beauty/medical/medizone-html/v2.0/demo/images/blog/ln4.jpg]
[kodesolution.website/html/html/health-beauty/medical/medizone-html/v2.0/demo/images/blog/ln5.jpg]
[kodesolution.website/html/html/health-beauty/medical/medizone-html/v2.0/demo/images/blog/ln6.jpg]
[kodesolution.website/html/html/health-beauty/medical/medizone-html/v2.0/demo/images/logo-wide-white.png]
[kodesolution.website/html/html/health-beauty/medical/medizone-html/v2.0/demo/js/custom.js]
[kodesolution.website/html/html/health-beauty/medical/medizone-html/v2.0/demo/js/revolution-slider/js/extensions/revolution.extension.actions.min.js]
[kodesolution.website/html/html/health-beauty/medical/medizone-html/v2.0/demo/js/revolution-slider/js/extensions/revolution.extension.carousel.min.js]
[kodesolution.website/html/html/health-beauty/medical/medizone-html/v2.0/demo/js/revolution-slider/js/extensions/revolution.extension.kenburn.min.js]
[kodesolution.website/html/html/health-beauty/medical/medizone-html/v2.0/demo/js/revolution-slider/js/extensions/revolution.extension.layeranimation.min.js]
[kodesolution.website/html/html/health-beauty/medical/medizone-html/v2.0/demo/js/revolution-slider/js/extensions/revolution.extension.migration.min.js]
[kodesolution.website/html/html/health-beauty/medical/medizone-html/v2.0/demo/js/revolution-slider/js/extensions/revolution.extension.navigation.min.js]
[kodesolution.website/html/html/health-beauty/medical/medizone-html/v2.0/demo/js/revolution-slider/js/extensions/revolution.extension.parallax.min.js]
[kodesolution.website/html/html/health-beauty/medical/medizone-html/v2.0/demo/js/revolution-slider/js/extensions/revolution.extension.slideanims.min.js]
[kodesolution.website/html/html/health-beauty/medical/medizone-html/v2.0/demo/js/revolution-slider/js/extensions/revolution.extension.video.min.js]
[kodesolution.website/html/html/health-beauty/medical/medizone-html/v2.0/demo/index-mp-layout1.html]
[kodesolution.website/html/html/health-beauty/medical/medizone-html/v2.0/demo/fonts/glyphicons-halflings-regular.eot]
[kodesolution.website/html/html/health-beauty/medical/medizone-html/v2.0/demo/fonts/glyphicons-halflings-regular.woff2]
[kodesolution.website/html/html/health-beauty/medical/medizone-html/v2.0/demo/fonts/glyphicons-halflings-regulard41d.eot]
[kodesolution.website/html/html/health-beauty/medical/medizone-html/v2.0/demo/fonts/glyphicons-halflings-regular.woff]
[kodesolution.website/html/html/health-beauty/medical/medizone-html/v2.0/demo/fonts/glyphicons-halflings-regular.ttf]
[kodesolution.website/html/html/health-beauty/medical/medizone-html/v2.0/demo/css/bootstrap.min.css]
[kodesolution.website/html/html/health-beauty/medical/medizone-html/v2.0/demo/css/images/ui-icons_444444_256x240.png]
[kodesolution.website/html/html/health-beauty/medical/medizone-html/v2.0/demo/css/images/ui-icons_777777_256x240.png]
[kodesolution.website/html/html/health-beauty/medical/medizone-html/v2.0/demo/css/images/ui-icons_555555_256x240.png]
[kodesolution.website/html/html/health-beauty/medical/medizone-html/v2.0/demo/css/images/ui-icons_ffffff_256x240.png]
[kodesolution.website/html/html/health-beauty/medical/medizone-html/v2.0/demo/css/images/ui-icons_777620_256x240.png]
[kodesolution.website/html/html/health-beauty/medical/medizone-html/v2.0/demo/css/images/ui-icons_cc0000_256x240.png]
[kodesolution.website/html/html/health-beauty/medical/medizone-html/v2.0/demo/css/jquery-ui.min.css]
[kodesolution.website/html/html/health-beauty/medical/medizone-html/v2.0/demo/css/animate.css]
[kodesolution.website/html/html/health-beauty/medical/medizone-html/v2.0/demo/css/lightbox/close.png]
[kodesolution.website/html/html/health-beauty/medical/medizone-html/v2.0/demo/css/lightbox/loading.gif]
[kodesolution.website/html/html/health-beauty/medical/medizone-html/v2.0/demo/css/lightbox/prev.png]
[kodesolution.website/html/html/health-beauty/medical/medizone-html/v2.0/demo/css/lightbox/next.png]
[kodesolution.website/html/html/health-beauty/medical/medizone-html/v2.0/demo/css/nivolightbox-themes/default/loading.gif]
[kodesolution.website/html/html/health-beauty/medical/medizone-html/v2.0/demo/css/nivolightbox-themes/default/prev.png]
[kodesolution.website/html/html/health-beauty/medical/medizone-html/v2.0/demo/css/nivolightbox-themes/default/next.png]
[kodesolution.website/html/html/health-beauty/medical/medizone-html/v2.0/demo/css/nivolightbox-themes/default/close.png]
[kodesolution.website/html/html/health-beauty/medical/medizone-html/v2.0/demo/css/nivolightbox-themes/default/loading@2x.gif]
[kodesolution.website/html/html/health-beauty/medical/medizone-html/v2.0/demo/css/nivolightbox-themes/default/prev@2x.png]
[kodesolution.website/html/html/health-beauty/medical/medizone-html/v2.0/demo/css/nivolightbox-themes/default/next@2x.png]
[kodesolution.website/html/html/health-beauty/medical/medizone-html/v2.0/demo/css/nivolightbox-themes/default/close@2x.png]
[kodesolution.website/html/html/health-beauty/medical/medizone-html/v2.0/demo/css/ytplayer/ytp-regular.eot]
[kodesolution.website/html/html/health-beauty/medical/medizone-html/v2.0/demo/css/prettyPhoto/default/sprite.png]
[kodesolution.website/html/html/health-beauty/medical/medizone-html/v2.0/demo/css/prettyPhoto/default/sprite_x.png]
[kodesolution.website/html/html/health-beauty/medical/medizone-html/v2.0/demo/css/prettyPhoto/default/sprite_y.png]
[kodesolution.website/html/html/health-beauty/medical/medizone-html/v2.0/demo/css/prettyPhoto/default/sprite_next.png]
[kodesolution.website/html/html/health-beauty/medical/medizone-html/v2.0/demo/css/prettyPhoto/default/sprite_prev.png]
[kodesolution.website/html/html/health-beauty/medical/medizone-html/v2.0/demo/css/prettyPhoto/default/default_thumb.png]
[kodesolution.website/html/html/health-beauty/medical/medizone-html/v2.0/demo/css/prettyPhoto/default/loader.gif]
[kodesolution.website/html/html/health-beauty/medical/medizone-html/v2.0/demo/css/prettyPhoto/light_rounded/sprite.png]
[kodesolution.website/html/html/health-beauty/medical/medizone-html/v2.0/demo/css/prettyPhoto/light_rounded/btnNext.png]
[kodesolution.website/html/html/health-beauty/medical/medizone-html/v2.0/demo/css/prettyPhoto/light_rounded/btnPrevious.png]
[kodesolution.website/html/html/health-beauty/medical/medizone-html/v2.0/demo/css/prettyPhoto/dark_rounded/sprite.png]
[kodesolution.website/html/html/health-beauty/medical/medizone-html/v2.0/demo/css/prettyPhoto/dark_rounded/contentPattern.png]
[kodesolution.website/html/html/health-beauty/medical/medizone-html/v2.0/demo/css/prettyPhoto/dark_rounded/btnNext.png]
[kodesolution.website/html/html/health-beauty/medical/medizone-html/v2.0/demo/css/prettyPhoto/dark_rounded/btnPrevious.png]
[kodesolution.website/html/html/health-beauty/medical/medizone-html/v2.0/demo/css/prettyPhoto/dark_rounded/loader.gif]
[kodesolution.website/html/html/health-beauty/medical/medizone-html/v2.0/demo/css/prettyPhoto/dark_square/loader.gif]
[kodesolution.website/html/html/health-beauty/medical/medizone-html/v2.0/demo/css/prettyPhoto/dark_square/sprite.png]
[kodesolution.website/html/html/health-beauty/medical/medizone-html/v2.0/demo/css/prettyPhoto/dark_square/btnNext.png]
[kodesolution.website/html/html/health-beauty/medical/medizone-html/v2.0/demo/css/prettyPhoto/dark_square/btnPrevious.png]
[kodesolution.website/html/html/health-beauty/medical/medizone-html/v2.0/demo/css/prettyPhoto/light_square/sprite.png]
[kodesolution.website/html/html/health-beauty/medical/medizone-html/v2.0/demo/css/prettyPhoto/light_square/btnNext.png]
[kodesolution.website/html/html/health-beauty/medical/medizone-html/v2.0/demo/css/prettyPhoto/light_square/btnPrevious.png]
[kodesolution.website/html/html/health-beauty/medical/medizone-html/v2.0/demo/css/prettyPhoto/facebook/sprite.png]
[kodesolution.website/html/html/health-beauty/medical/medizone-html/v2.0/demo/css/prettyPhoto/facebook/contentPatternTop.png]
[kodesolution.website/html/html/health-beauty/medical/medizone-html/v2.0/demo/css/prettyPhoto/facebook/contentPatternLeft.png]
[kodesolution.website/html/html/health-beauty/medical/medizone-html/v2.0/demo/css/prettyPhoto/facebook/contentPatternRight.png]
[kodesolution.website/html/html/health-beauty/medical/medizone-html/v2.0/demo/css/prettyPhoto/facebook/loader.gif]
[kodesolution.website/html/html/health-beauty/medical/medizone-html/v2.0/demo/css/prettyPhoto/facebook/btnNext.png]
[kodesolution.website/html/html/health-beauty/medical/medizone-html/v2.0/demo/css/prettyPhoto/facebook/btnPrevious.png]
[kodesolution.website/html/html/health-beauty/medical/medizone-html/v2.0/demo/css/prettyPhoto/facebook/contentPatternBottom.png]
[kodesolution.website/html/html/health-beauty/medical/medizone-html/v2.0/demo/css/prettyPhoto/facebook/default_thumbnail.gif]
[kodesolution.website/html/html/health-beauty/medical/medizone-html/v2.0/demo/css/prettyPhoto/light_rounded/loader.gif]
[kodesolution.website/html/html/health-beauty/medical/medizone-html/v2.0/demo/css/css-plugin-collections.css]
[kodesolution.website/html/html/health-beauty/medical/medizone-html/v2.0/demo/css/menuzord-skins/menuzord-boxed.css]
[kodesolution.website/html/html/health-beauty/medical/medizone-html/v2.0/demo/images/pattern1.png]
[kodesolution.website/html/html/health-beauty/medical/medizone-html/v2.0/demo/images/pattern2.png]
[kodesolution.website/html/html/health-beauty/medical/medizone-html/v2.0/demo/images/pattern3.png]
[kodesolution.website/html/html/health-beauty/medical/medizone-html/v2.0/demo/images/close.png]
[kodesolution.website/html/html/health-beauty/medical/medizone-html/v2.0/demo/images/shadow-overlay.png]
[kodesolution.website/html/html/health-beauty/medical/medizone-html/v2.0/demo/images/title-dots.png]
[kodesolution.website/html/html/health-beauty/medical/medizone-html/v2.0/demo/css/style-main.css]
[kodesolution.website/html/html/health-beauty/medical/medizone-html/v2.0/demo/css/preloader.css]
[kodesolution.website/html/html/health-beauty/medical/medizone-html/v2.0/demo/css/custom-bootstrap-margin-padding.css]
[kodesolution.website/html/html/health-beauty/medical/medizone-html/v2.0/demo/css/responsive.css]
[kodesolution.website/html/html/health-beauty/medical/medizone-html/v2.0/demo/js/revolution-slider/fonts/revicons/revicons90c6.eot]
[kodesolution.website/html/html/health-beauty/medical/medizone-html/v2.0/demo/js/revolution-slider/fonts/revicons/revicons90c6.woff]
[kodesolution.website/html/html/health-beauty/medical/medizone-html/v2.0/demo/js/revolution-slider/fonts/revicons/revicons90c6.ttf]
[kodesolution.website/html/html/health-beauty/medical/medizone-html/v2.0/demo/js/revolution-slider/assets/gridtile.png]
[kodesolution.website/html/html/health-beauty/medical/medizone-html/v2.0/demo/js/revolution-slider/assets/gridtile_white.png]
[kodesolution.website/html/html/health-beauty/medical/medizone-html/v2.0/demo/js/revolution-slider/assets/gridtile_3x3.png]
[kodesolution.website/html/html/health-beauty/medical/medizone-html/v2.0/demo/js/revolution-slider/assets/gridtile_3x3_white.png]
[kodesolution.website/html/html/health-beauty/medical/medizone-html/v2.0/demo/js/revolution-slider/assets/coloredbg.png]
[kodesolution.website/html/html/health-beauty/medical/medizone-html/v2.0/demo/js/revolution-slider/assets/loader.gif]
[kodesolution.website/html/html/health-beauty/medical/medizone-html/v2.0/demo/js/revolution-slider/css/settings.css]
[kodesolution.website/html/html/health-beauty/medical/medizone-html/v2.0/demo/js/revolution-slider/css/layers.css]
[kodesolution.website/html/html/health-beauty/medical/medizone-html/v2.0/demo/js/revolution-slider/css/navigation.css]
[kodesolution.website/html/html/health-beauty/medical/medizone-html/v2.0/demo/css/colors/theme-skin-sky-blue.css]
[kodesolution.website/html/html/health-beauty/medical/medizone-html/v2.0/demo/images/about/p1.jpg]
[kodesolution.website/html/html/health-beauty/medical/medizone-html/v2.0/demo/images/depertments/1.jpg]
[kodesolution.website/html/html/health-beauty/medical/medizone-html/v2.0/demo/images/depertments/2.jpg]
[kodesolution.website/html/html/health-beauty/medical/medizone-html/v2.0/demo/images/depertments/3.jpg]
[kodesolution.website/html/html/health-beauty/medical/medizone-html/v2.0/demo/images/depertments/6.jpg]
[kodesolution.website/html/html/health-beauty/medical/medizone-html/v2.0/demo/images/depertments/4.jpg]
[kodesolution.website/html/html/health-beauty/medical/medizone-html/v2.0/demo/images/depertments/5.jpg]
[kodesolution.website/html/html/health-beauty/medical/medizone-html/v2.0/demo/images/gallery/1.jpg]
[kodesolution.website/html/html/health-beauty/medical/medizone-html/v2.0/demo/images/gallery/2.jpg]
[kodesolution.website/html/html/health-beauty/medical/medizone-html/v2.0/demo/images/gallery/3.jpg]
[kodesolution.website/html/html/health-beauty/medical/medizone-html/v2.0/demo/images/gallery/4.jpg]
[kodesolution.website/html/html/health-beauty/medical/medizone-html/v2.0/demo/images/gallery/5.jpg]
[kodesolution.website/html/html/health-beauty/medical/medizone-html/v2.0/demo/images/gallery/6.jpg]
[kodesolution.website/html/html/health-beauty/medical/medizone-html/v2.0/demo/images/blog/3.jpg]
[kodesolution.website/html/html/health-beauty/medical/medizone-html/v2.0/demo/images/blog/4.jpg]
[kodesolution.website/html/html/health-beauty/medical/medizone-html/v2.0/demo/images/testimonials/s1.jpg]
[kodesolution.website/html/html/health-beauty/medical/medizone-html/v2.0/demo/index-mp-layout2.html]
[kodesolution.website/html/html/health-beauty/medical/medizone-html/v2.0/demo/images/bg/bg16.jpg]
[kodesolution.website/html/html/health-beauty/medical/medizone-html/v2.0/demo/images/services/s3.jpg]
[kodesolution.website/html/html/health-beauty/medical/medizone-html/v2.0/demo/images/services/s2.jpg]
[kodesolution.website/html/html/health-beauty/medical/medizone-html/v2.0/demo/images/services/s1.jpg]
[kodesolution.website/html/html/health-beauty/medical/medizone-html/v2.0/demo/images/services/s4.jpg]
[kodesolution.website/html/html/health-beauty/medical/medizone-html/v2.0/demo/images/services/s5.jpg]
[kodesolution.website/html/html/health-beauty/medical/medizone-html/v2.0/demo/images/services/s6.jpg]
[kodesolution.website/html/html/health-beauty/medical/medizone-html/v2.0/demo/images/blog/5.jpg]
[kodesolution.website/html/html/health-beauty/medical/medizone-html/v2.0/demo/images/blog/2.jpg]
[kodesolution.website/html/html/health-beauty/medical/medizone-html/v2.0/demo/index-mp-layout3.html]
[kodesolution.website/html/html/health-beauty/medical/medizone-html/v2.0/demo/images/testimonials/2.jpg]
[kodesolution.website/html/html/health-beauty/medical/medizone-html/v2.0/demo/images/testimonials/3.jpg]
[kodesolution.website/html/html/health-beauty/medical/medizone-html/v2.0/demo/images/testimonials/1.jpg]
[kodesolution.website/html/html/health-beauty/medical/medizone-html/v2.0/demo/images/blog/1.jpg]
[kodesolution.website/html/html/health-beauty/medical/medizone-html/v2.0/demo/index-mp-layout4.html]
[kodesolution.website/html/html/health-beauty/medical/medizone-html/v2.0/demo/index-mp-layout5.html]
[kodesolution.website/html/html/health-beauty/medical/medizone-html/v2.0/demo/images/about/doctor.png]
[kodesolution.website/html/html/health-beauty/medical/medizone-html/v2.0/demo/images/bg/bg13.jpg]
[kodesolution.website/html/html/health-beauty/medical/medizone-html/v2.0/demo/index-mp-layout6.html]
[kodesolution.website/html/html/health-beauty/medical/medizone-html/v2.0/demo/index-sp-layout1.html]
[kodesolution.website/html/html/health-beauty/medical/medizone-html/v2.0/demo/index-sp-layout2.html]
[kodesolution.website/html/html/health-beauty/medical/medizone-html/v2.0/demo/index-sp-layout3.html]
[kodesolution.website/html/html/health-beauty/medical/medizone-html/v2.0/demo/index-sp-layout4.html]
[kodesolution.website/html/html/health-beauty/medical/medizone-html/v2.0/demo/index-sp-layout5.html]
[kodesolution.website/html/html/health-beauty/medical/medizone-html/v2.0/demo/index-sp-layout6.html]
[kodesolution.website/html/html/health-beauty/medical/medizone-html/v2.0/demo/index-boxed-mp-layout1.html]
[kodesolution.website/html/html/health-beauty/medical/medizone-html/v2.0/demo/index-boxed-mp-layout2.html]
[kodesolution.website/html/html/health-beauty/medical/medizone-html/v2.0/demo/index-boxed-mp-layout3.html]
[kodesolution.website/html/html/health-beauty/medical/medizone-html/v2.0/demo/index-boxed-mp-layout4.html]
[kodesolution.website/html/html/health-beauty/medical/medizone-html/v2.0/demo/index-boxed-mp-layout5.html]
[kodesolution.website/html/html/health-beauty/medical/medizone-html/v2.0/demo/index-boxed-mp-layout6.html]
[kodesolution.website/html/html/health-beauty/medical/medizone-html/v2.0/demo/index-boxed-sp-layout1.html]
[kodesolution.website/html/html/health-beauty/medical/medizone-html/v2.0/demo/index-boxed-sp-layout2.html]
[kodesolution.website/html/html/health-beauty/medical/medizone-html/v2.0/demo/index-boxed-sp-layout3.html]
[kodesolution.website/html/html/health-beauty/medical/medizone-html/v2.0/demo/index-boxed-sp-layout4.html]
[kodesolution.website/html/html/health-beauty/medical/medizone-html/v2.0/demo/index-boxed-sp-layout5.html]
[kodesolution.website/html/html/health-beauty/medical/medizone-html/v2.0/demo/index-boxed-sp-layout6.html]
[kodesolution.website/html/html/health-beauty/medical/medizone-html/v2.0/demo/index-rtl-mp-layout1.html]
[kodesolution.website/html/html/health-beauty/medical/medizone-html/v2.0/demo/index-rtl-mp-layout2.html]
[kodesolution.website/html/html/health-beauty/medical/medizone-html/v2.0/demo/index-rtl-mp-layout3.html]
[kodesolution.website/html/html/health-beauty/medical/medizone-html/v2.0/demo/index-rtl-mp-layout4.html]
[kodesolution.website/html/html/health-beauty/medical/medizone-html/v2.0/demo/images/bg/bg5.jpg]
[kodesolution.website/html/html/health-beauty/medical/medizone-html/v2.0/demo/index-rtl-mp-layout5.html]
[kodesolution.website/html/html/health-beauty/medical/medizone-html/v2.0/demo/index-rtl-mp-layout6.html]
[kodesolution.website/html/html/health-beauty/medical/medizone-html/v2.0/demo/index-rtl-sp-layout1.html]
[kodesolution.website/html/html/health-beauty/medical/medizone-html/v2.0/demo/index-rtl-sp-layout2.html]
[kodesolution.website/html/html/health-beauty/medical/medizone-html/v2.0/demo/index-rtl-sp-layout3.html]
[kodesolution.website/html/html/health-beauty/medical/medizone-html/v2.0/demo/index-rtl-sp-layout4.html]
[kodesolution.website/html/html/health-beauty/medical/medizone-html/v2.0/demo/index-rtl-sp-layout5.html]
[kodesolution.website/html/html/health-beauty/medical/medizone-html/v2.0/demo/index-rtl-sp-layout6.html]
[kodesolution.website/html/html/health-beauty/medical/medizone-html/v2.0/demo/images/depertments/7.jpg]
[kodesolution.website/html/html/health-beauty/medical/medizone-html/v2.0/demo/images/depertments/8.jpg]
[kodesolution.website/html/html/health-beauty/medical/medizone-html/v2.0/demo/page-department1.html]
[kodesolution.website/html/html/health-beauty/medical/medizone-html/v2.0/demo/page-department2.html]
[kodesolution.website/html/html/health-beauty/medical/medizone-html/v2.0/demo/images/photos/services-details.jpg]
[kodesolution.website/html/html/health-beauty/medical/medizone-html/v2.0/demo/page-department-details.html]
[kodesolution.website/html/html/health-beauty/medical/medizone-html/v2.0/demo/page-doctors1.html]
[kodesolution.website/html/html/health-beauty/medical/medizone-html/v2.0/demo/page-doctors2.html]
[kodesolution.website/html/html/health-beauty/medical/medizone-html/v2.0/demo/page-doctors3.html]
[kodesolution.website/html/html/health-beauty/medical/medizone-html/v2.0/demo/images/team/b1.jpg]
[kodesolution.website/html/html/health-beauty/medical/medizone-html/v2.0/demo/page-doctors-details.html]
[kodesolution.website/html/html/health-beauty/medical/medizone-html/v2.0/demo/page-timetable.html]
[kodesolution.website/html/html/health-beauty/medical/medizone-html/v2.0/demo/page-about1.html]
[kodesolution.website/html/html/health-beauty/medical/medizone-html/v2.0/demo/page-about2.html]
[kodesolution.website/html/html/health-beauty/medical/medizone-html/v2.0/demo/page-about3.html]
[kodesolution.website/html/html/health-beauty/medical/medizone-html/v2.0/demo/page-services1.html]
[kodesolution.website/html/html/health-beauty/medical/medizone-html/v2.0/demo/page-services2.html]
[kodesolution.website/html/html/health-beauty/medical/medizone-html/v2.0/demo/page-service-details.html]
[kodesolution.website/html/html/health-beauty/medical/medizone-html/v2.0/demo/images/pattern/p7.png]
[kodesolution.website/html/html/health-beauty/medical/medizone-html/v2.0/demo/page-pricing-style1.html]
[kodesolution.website/html/html/health-beauty/medical/medizone-html/v2.0/demo/page-pricing-style2.html]
[kodesolution.website/html/html/health-beauty/medical/medizone-html/v2.0/demo/page-pricing-style3.html]
[kodesolution.website/html/html/health-beauty/medical/medizone-html/v2.0/demo/page-gallery-3col.html]
[kodesolution.website/html/html/health-beauty/medical/medizone-html/v2.0/demo/page-gallery-4col.html]
[kodesolution.website/html/html/health-beauty/medical/medizone-html/v2.0/demo/shop-category.html]
[kodesolution.website/html/html/health-beauty/medical/medizone-html/v2.0/demo/shop-category-sidebar.html]
[placehold.it/750x750.jpg]
[kodesolution.website/html/html/health-beauty/medical/medizone-html/v2.0/demo/shop-product-details.html]
[kodesolution.website/html/html/health-beauty/medical/medizone-html/v2.0/demo/shop-cart.html]
[kodesolution.website/html/html/health-beauty/medical/medizone-html/v2.0/demo/shop-checkout.html]
[kodesolution.website/html/html/health-beauty/medical/medizone-html/v2.0/demo/page-faq-style1.html]
[kodesolution.website/html/html/health-beauty/medical/medizone-html/v2.0/demo/page-faq-style2.html]
[kodesolution.website/html/html/health-beauty/medical/medizone-html/v2.0/demo/page-faq-style3.html]
[kodesolution.website/html/html/health-beauty/medical/medizone-html/v2.0/demo/page-faq-style4.html]
[kodesolution.website/html/html/health-beauty/medical/medizone-html/v2.0/demo/page-404-style1.html]
[kodesolution.website/html/html/health-beauty/medical/medizone-html/v2.0/demo/page-404-style2.html]
[kodesolution.website/html/html/health-beauty/medical/medizone-html/v2.0/demo/page-404-style3.html]
[kodesolution.website/html/html/health-beauty/medical/medizone-html/v2.0/demo/page-coming-soon-style1.html]
[kodesolution.website/html/html/health-beauty/medical/medizone-html/v2.0/demo/page-coming-soon-style2.html]
[kodesolution.website/html/html/health-beauty/medical/medizone-html/v2.0/demo/page-under-construction-style1.html]
[kodesolution.website/html/html/health-beauty/medical/medizone-html/v2.0/demo/page-under-construction-style2.html]
[kodesolution.website/html/html/health-beauty/medical/medizone-html/v2.0/demo/page-under-construction-style3.html]
[kodesolution.website/html/html/health-beauty/medical/medizone-html/v2.0/demo/page-under-construction-style4.html]
[kodesolution.website/html/html/health-beauty/medical/medizone-html/v2.0/demo/images/gallery/7.jpg]
[kodesolution.website/html/html/health-beauty/medical/medizone-html/v2.0/demo/images/gallery/8.jpg]
[kodesolution.website/html/html/health-beauty/medical/medizone-html/v2.0/demo/page-gallery-3col-only-image.html]
[kodesolution.website/html/html/health-beauty/medical/medizone-html/v2.0/demo/page-gallery-4col-only-image.html]
[kodesolution.website/html/html/health-beauty/medical/medizone-html/v2.0/demo/page-gallery-grid.html]
[kodesolution.website/html/html/health-beauty/medical/medizone-html/v2.0/demo/page-gallery-grid-animation.html]
[kodesolution.website/html/html/health-beauty/medical/medizone-html/v2.0/demo/images/gallery/h1.jpg]
[kodesolution.website/html/html/health-beauty/medical/medizone-html/v2.0/demo/images/gallery/h2.jpg]
[kodesolution.website/html/html/health-beauty/medical/medizone-html/v2.0/demo/images/gallery/w2.jpg]
[kodesolution.website/html/html/health-beauty/medical/medizone-html/v2.0/demo/page-gallery-3col-tiles.html]
[kodesolution.website/html/html/health-beauty/medical/medizone-html/v2.0/demo/page-gallery-4col-tiles.html]
[kodesolution.website/html/html/health-beauty/medical/medizone-html/v2.0/demo/page-gallery-masonry-tiles.html]
[kodesolution.website/html/html/health-beauty/medical/medizone-html/v2.0/demo/page-gallery-masonry-tiles-animation.html]
[kodesolution.website/html/html/health-beauty/medical/medizone-html/v2.0/demo/images/gallery/full/2.jpg]
[kodesolution.website/html/html/health-beauty/medical/medizone-html/v2.0/demo/images/gallery/full/3.jpg]
[kodesolution.website/html/html/health-beauty/medical/medizone-html/v2.0/demo/images/gallery/full/4.jpg]
[kodesolution.website/html/html/health-beauty/medical/medizone-html/v2.0/demo/images/gallery/full/5.jpg]
[kodesolution.website/html/html/health-beauty/medical/medizone-html/v2.0/demo/images/gallery/full/6.jpg]
[kodesolution.website/html/html/health-beauty/medical/medizone-html/v2.0/demo/images/gallery/full/1.jpg]
[kodesolution.website/html/html/health-beauty/medical/medizone-html/v2.0/demo/images/gallery/full/7.jpg]
[kodesolution.website/html/html/health-beauty/medical/medizone-html/v2.0/demo/images/gallery/full/8.jpg]
[kodesolution.website/html/html/health-beauty/medical/medizone-html/v2.0/demo/page-gallery-prettyphoto.html]
[kodesolution.website/html/html/health-beauty/medical/medizone-html/v2.0/demo/blog-classic-no-sidebar.html]
[kodesolution.website/html/html/health-beauty/medical/medizone-html/v2.0/demo/blog-classic-left-sidebar.html]
[kodesolution.website/html/html/health-beauty/medical/medizone-html/v2.0/demo/blog-classic-right-sidebar.html]
[kodesolution.website/html/html/health-beauty/medical/medizone-html/v2.0/demo/blog-classic-both-sidebar.html]
[kodesolution.website/html/html/health-beauty/medical/medizone-html/v2.0/demo/blog-grid-2-column.html]
[kodesolution.website/html/html/health-beauty/medical/medizone-html/v2.0/demo/blog-grid-3-column.html]
[kodesolution.website/html/html/health-beauty/medical/medizone-html/v2.0/demo/blog-grid-4-column.html]
[kodesolution.website/html/html/health-beauty/medical/medizone-html/v2.0/demo/images/blog/author.jpg]
[kodesolution.website/html/html/health-beauty/medical/medizone-html/v2.0/demo/images/blog/comment1.jpg]
[kodesolution.website/html/html/health-beauty/medical/medizone-html/v2.0/demo/images/blog/comment2.jpg]
[kodesolution.website/html/html/health-beauty/medical/medizone-html/v2.0/demo/images/blog/comment3.jpg]
[kodesolution.website/html/html/health-beauty/medical/medizone-html/v2.0/demo/blog-single-no-sidebar.html]
[kodesolution.website/html/html/health-beauty/medical/medizone-html/v2.0/demo/blog-single-left-sidebar.html]
[kodesolution.website/html/html/health-beauty/medical/medizone-html/v2.0/demo/blog-single-right-sidebar.html]
[kodesolution.website/html/html/health-beauty/medical/medizone-html/v2.0/demo/page-contact1.html]
[kodesolution.website/html/html/health-beauty/medical/medizone-html/v2.0/demo/page-contact2.html]
[kodesolution.website/html/html/health-beauty/medical/medizone-html/v2.0/demo/shortcode-accordion.html]
[kodesolution.website/html/html/health-beauty/medical/medizone-html/v2.0/demo/shortcode-alerts.html]
[kodesolution.website/html/html/health-beauty/medical/medizone-html/v2.0/demo/images/photos/iphone.jpg]
[kodesolution.website/html/html/health-beauty/medical/medizone-html/v2.0/demo/shortcode-animations.html]
[kodesolution.website/html/html/health-beauty/medical/medizone-html/v2.0/demo/shortcode-background-html5-video.html]
[kodesolution.website/html/html/health-beauty/medical/medizone-html/v2.0/demo/shortcode-blockquotes.html]
[kodesolution.website/html/html/health-beauty/medical/medizone-html/v2.0/demo/shortcode-button-groups-and-dropdowns.html]
[kodesolution.website/html/html/health-beauty/medical/medizone-html/v2.0/demo/shortcode-button-hover-effect.html]
[kodesolution.website/html/html/health-beauty/medical/medizone-html/v2.0/demo/shortcode-buttons.html]
[kodesolution.website/html/html/health-beauty/medical/medizone-html/v2.0/demo/shortcode-call-to-actions.html]
[kodesolution.website/html/html/health-beauty/medical/medizone-html/v2.0/demo/js/chart.js]
[kodesolution.website/html/html/health-beauty/medical/medizone-html/v2.0/demo/shortcode-charts.html]
[kodesolution.website/html/html/health-beauty/medical/medizone-html/v2.0/demo/shortcode-columns-grids.html]
[kodesolution.website/html/html/health-beauty/medical/medizone-html/v2.0/demo/images/pattern/p10.png]
[kodesolution.website/html/html/health-beauty/medical/medizone-html/v2.0/demo/shortcode-divider.html]
[kodesolution.website/html/html/health-beauty/medical/medizone-html/v2.0/demo/shortcode-dropcaps.html]
[kodesolution.website/html/html/health-beauty/medical/medizone-html/v2.0/demo/shortcode-datetime-datepicker.html]
[kodesolution.website/html/html/health-beauty/medical/medizone-html/v2.0/demo/shortcode-datetime-timepicker.html]
[kodesolution.website/html/html/health-beauty/medical/medizone-html/v2.0/demo/shortcode-datetime-datetimepicker.html]
[kodesolution.website/html/html/health-beauty/medical/medizone-html/v2.0/demo/shortcode-datetime-datepair.html]
[kodesolution.website/html/html/health-beauty/medical/medizone-html/v2.0/demo/shortcode-flickr-feed.html]
[kodesolution.website/html/html/health-beauty/medical/medizone-html/v2.0/demo/shortcode-flipbox.html]
[kodesolution.website/html/html/health-beauty/medical/medizone-html/v2.0/demo/shortcode-forms.html]
[kodesolution.website/html/html/health-beauty/medical/medizone-html/v2.0/demo/shortcode-iconbox.html]
[kodesolution.website/html/html/health-beauty/medical/medizone-html/v2.0/demo/shortcode-icon-7stroke.html]
[kodesolution.website/html/html/health-beauty/medical/medizone-html/v2.0/demo/shortcode-icon-elegant-icons.html]
[kodesolution.website/html/html/health-beauty/medical/medizone-html/v2.0/demo/shortcode-icon-flat-color-icons.html]
[kodesolution.website/html/html/health-beauty/medical/medizone-html/v2.0/demo/shortcode-icon-fontawesome.html]
[kodesolution.website/html/html/health-beauty/medical/medizone-html/v2.0/demo/shortcode-icon-fontawesome-tutorial.html]
[kodesolution.website/html/html/health-beauty/medical/medizone-html/v2.0/demo/shortcode-icon-strokegap.html]
[kodesolution.website/html/html/health-beauty/medical/medizone-html/v2.0/demo/shortcode-image-box.html]
[kodesolution.website/html/html/health-beauty/medical/medizone-html/v2.0/demo/shortcode-instagram.html]
[kodesolution.website/html/html/health-beauty/medical/medizone-html/v2.0/demo/shortcode-labels-badges.html]
[kodesolution.website/html/html/health-beauty/medical/medizone-html/v2.0/demo/shortcode-listgroup-panels.html]
[kodesolution.website/html/html/health-beauty/medical/medizone-html/v2.0/demo/shortcode-lists.html]
[kodesolution.website/html/html/health-beauty/medical/medizone-html/v2.0/demo/shortcode-maps.html]
[kodesolution.website/html/html/health-beauty/medical/medizone-html/v2.0/demo/shortcode-media-embed.html]
[kodesolution.website/html/html/health-beauty/medical/medizone-html/v2.0/demo/shortcode-modal-bootstrap.html]
[kodesolution.website/html/html/health-beauty/medical/medizone-html/v2.0/demo/shortcode-modal-lightbox.html]
[kodesolution.website/html/html/health-beauty/medical/medizone-html/v2.0/demo/shortcode-navigation.html]
[kodesolution.website/html/html/health-beauty/medical/medizone-html/v2.0/demo/shortcode-owl-carousel.html]
[kodesolution.website/html/html/health-beauty/medical/medizone-html/v2.0/demo/shortcode-pagination.html]
[kodesolution.website/html/html/health-beauty/medical/medizone-html/v2.0/demo/shortcode-progressbar.html]
[kodesolution.website/html/html/health-beauty/medical/medizone-html/v2.0/demo/shortcode-responsive.html]
[kodesolution.website/html/html/health-beauty/medical/medizone-html/v2.0/demo/shortcode-separator.html]
[kodesolution.website/html/html/health-beauty/medical/medizone-html/v2.0/demo/shortcode-sitemap.html]
[kodesolution.website/html/html/health-beauty/medical/medizone-html/v2.0/demo/images/clients/1.png]
[kodesolution.website/html/html/health-beauty/medical/medizone-html/v2.0/demo/images/clients/2.png]
[kodesolution.website/html/html/health-beauty/medical/medizone-html/v2.0/demo/images/clients/3.png]
[kodesolution.website/html/html/health-beauty/medical/medizone-html/v2.0/demo/images/clients/4.png]
[kodesolution.website/html/html/health-beauty/medical/medizone-html/v2.0/demo/images/clients/5.png]
[kodesolution.website/html/html/health-beauty/medical/medizone-html/v2.0/demo/images/clients/6.png]
[kodesolution.website/html/html/health-beauty/medical/medizone-html/v2.0/demo/shortcode-sliders.html]
[kodesolution.website/html/html/health-beauty/medical/medizone-html/v2.0/demo/shortcode-smoothscrolling.html]
[kodesolution.website/html/html/health-beauty/medical/medizone-html/v2.0/demo/shortcode-styled-icons.html]
[kodesolution.website/html/html/health-beauty/medical/medizone-html/v2.0/demo/shortcode-subscribe.html]
[kodesolution.website/html/html/health-beauty/medical/medizone-html/v2.0/demo/shortcode-tables.html]
[kodesolution.website/html/html/health-beauty/medical/medizone-html/v2.0/demo/shortcode-tabs.html]
[kodesolution.website/html/html/health-beauty/medical/medizone-html/v2.0/demo/shortcode-textblock.html]
[kodesolution.website/html/html/health-beauty/medical/medizone-html/v2.0/demo/shortcode-thumbnails-carousels.html]
[kodesolution.website/html/html/health-beauty/medical/medizone-html/v2.0/demo/shortcode-title.html]
[kodesolution.website/html/html/health-beauty/medical/medizone-html/v2.0/demo/shortcode-timer-final-countdown.html]
[kodesolution.website/html/html/health-beauty/medical/medizone-html/v2.0/demo/shortcode-timer-flipclock.html]
[kodesolution.website/html/html/health-beauty/medical/medizone-html/v2.0/demo/js/classycountdown/js/jquery.knob.js]
[kodesolution.website/html/html/health-beauty/medical/medizone-html/v2.0/demo/js/classycountdown/js/jquery.throttle.js]
[kodesolution.website/html/html/health-beauty/medical/medizone-html/v2.0/demo/js/classycountdown/js/jquery.classycountdown.js]
[kodesolution.website/html/html/health-beauty/medical/medizone-html/v2.0/demo/shortcode-timer-slick-circular.html]
[kodesolution.website/html/html/health-beauty/medical/medizone-html/v2.0/demo/shortcode-twitter.html]
[kodesolution.website/html/html/health-beauty/medical/medizone-html/v2.0/demo/shortcode-typography.html]
[kodesolution.website/html/html/health-beauty/medical/medizone-html/v2.0/demo/shortcode-vertical-timeline.html]
[kodesolution.website/html/html/health-beauty/medical/medizone-html/v2.0/demo/shortcode-widgets.html]
[kodesolution.website/html/html/health-beauty/medical/medizone-html/v2.0/demo/shortcode-working-process.html]
[kodesolution.website/html/html/health-beauty/medical/medizone-html/v2.0/demo/ajax-load/form-appointment.html]
[kodesolution.website/html/html/health-beauty/medical/medizone-html/v2.0/demo/fonts/glyphicons-halflings-regular.svg]
[kodesolution.website/html/html/health-beauty/medical/medizone-html/v2.0/demo/css/owl.video.play.html]
[kodesolution.website/html/html/health-beauty/medical/medizone-html/v2.0/demo/css/fonts/flexslider-icon.html]
[kodesolution.website/html/html/health-beauty/medical/medizone-html/v2.0/demo/css/fonts/flexslider-icond41d.html]
[kodesolution.website/html/html/health-beauty/medical/medizone-html/v2.0/demo/css/fonts/flexslider-icon-2.html]
[kodesolution.website/html/html/health-beauty/medical/medizone-html/v2.0/demo/css/fonts/flexslider-icon-3.html]
[kodesolution.website/html/html/health-beauty/medical/medizone-html/v2.0/demo/css/fonts/flexslider-icon-4.html]
[kodesolution.website/html/html/health-beauty/medical/medizone-html/v2.0/demo/css/bxslider/images/bx_loader.html]
[kodesolution.website/html/html/health-beauty/medical/medizone-html/v2.0/demo/css/bxslider/images/arrow-left.html]
[kodesolution.website/html/html/health-beauty/medical/medizone-html/v2.0/demo/css/bxslider/images/arrow-right.html]
[kodesolution.website/html/html/health-beauty/medical/medizone-html/v2.0/demo/fonts/fontawesome-webfont3295.eot]
[kodesolution.website/html/html/health-beauty/medical/medizone-html/v2.0/demo/fonts/fontawesome-webfontd41d.eot]
[kodesolution.website/html/html/health-beauty/medical/medizone-html/v2.0/demo/fonts/fontawesome-webfont3295.woff2]
[kodesolution.website/html/html/health-beauty/medical/medizone-html/v2.0/demo/fonts/fontawesome-webfont3295.woff]
[kodesolution.website/html/html/health-beauty/medical/medizone-html/v2.0/demo/fonts/fontawesome-webfont3295.ttf]
[kodesolution.website/html/html/health-beauty/medical/medizone-html/v2.0/demo/css/font-awesome.min.css]
[kodesolution.website/html/html/health-beauty/medical/medizone-html/v2.0/demo/css/font-awesome-animation.min.css]
[kodesolution.website/html/html/health-beauty/medical/medizone-html/v2.0/demo/fonts/Pe-icon-7-strokebb1d.eot]
[kodesolution.website/html/html/health-beauty/medical/medizone-html/v2.0/demo/fonts/Pe-icon-7-stroked41d.eot]
[kodesolution.website/html/html/health-beauty/medical/medizone-html/v2.0/demo/fonts/Pe-icon-7-strokebb1d.woff]
[kodesolution.website/html/html/health-beauty/medical/medizone-html/v2.0/demo/fonts/Pe-icon-7-strokebb1d.ttf]
[kodesolution.website/html/html/health-beauty/medical/medizone-html/v2.0/demo/css/pe-icon-7-stroke.css]
[kodesolution.website/html/html/health-beauty/medical/medizone-html/v2.0/demo/fonts/ElegantIcons.eot]
[kodesolution.website/html/html/health-beauty/medical/medizone-html/v2.0/demo/fonts/ElegantIcons.woff]
[kodesolution.website/html/html/health-beauty/medical/medizone-html/v2.0/demo/fonts/ElegantIconsd41d.eot]
[kodesolution.website/html/html/health-beauty/medical/medizone-html/v2.0/demo/fonts/ElegantIcons.ttf]
[kodesolution.website/html/html/health-beauty/medical/medizone-html/v2.0/demo/css/elegant-icons.css]
[kodesolution.website/html/html/health-beauty/medical/medizone-html/v2.0/demo/fonts/Stroke-Gap-Icons.eot]
[kodesolution.website/html/html/health-beauty/medical/medizone-html/v2.0/demo/css/stroke-gap-icons.css]
[kodesolution.website/html/html/health-beauty/medical/medizone-html/v2.0/demo/fonts/flaticons/flaticon-set-dental.eot]
[kodesolution.website/html/html/health-beauty/medical/medizone-html/v2.0/demo/fonts/flaticons/flaticon-set-dental.woff]
[kodesolution.website/html/html/health-beauty/medical/medizone-html/v2.0/demo/fonts/flaticons/flaticon-set-dentald41d.eot]
[kodesolution.website/html/html/health-beauty/medical/medizone-html/v2.0/demo/fonts/flaticons/flaticon-set-dental.ttf]
[kodesolution.website/html/html/health-beauty/medical/medizone-html/v2.0/demo/css/flaticon-set-dental.css]
[kodesolution.website/html/html/health-beauty/medical/medizone-html/v2.0/demo/fonts/flaticons/flaticon-set-medicalff07.eot]
[kodesolution.website/html/html/health-beauty/medical/medizone-html/v2.0/demo/fonts/flaticons/flaticon-set-medicalff07.ttf]
[kodesolution.website/html/html/health-beauty/medical/medizone-html/v2.0/demo/fonts/flaticons/flaticon-set-medicalff07.woff]
[kodesolution.website/html/html/health-beauty/medical/medizone-html/v2.0/demo/css/flaticon-set-medical.css]
[kodesolution.website/html/html/health-beauty/medical/medizone-html/v2.0/demo/css/images/countdown/shop.html]
[kodesolution.website/html/html/health-beauty/medical/medizone-html/v2.0/demo/images/testimonials/quote_arrow.html]
[kodesolution.website/html/html/health-beauty/medical/medizone-html/v2.0/demo/js/revolution-slider/fonts/revicons/revicons90c6.svg]
[kodesolution.website/html/html/health-beauty/medical/medizone-html/v2.0/demo/js/revolution-slider/css/openhand.html]
[kodesolution.website/html/html/health-beauty/medical/medizone-html/v2.0/demo/js/revolution-slider/css/closedhand.html]
[kodesolution.website/html/html/health-beauty/medical/medizone-html/v2.0/demo/index-mp-layout7.html]
[kodesolution.website/html/html/health-beauty/medical/medizone-html/v2.0/demo/index-mp-layout8.html]
[kodesolution.website/html/html/health-beauty/medical/medizone-html/v2.0/demo/index-fullscreen-presentaion.html]
[kodesolution.website/html/html/health-beauty/medical/medizone-html/v2.0/demo/index-mp-layout9-parallax-presentation.html]
[kodesolution.website/html/html/health-beauty/medical/medizone-html/v2.0/demo/index-mp-layout10-portfolio-presentation.html]
[kodesolution.website/html/html/health-beauty/medical/medizone-html/v2.0/demo/index-mp-layout11-revslider-fullscreen-presentation.html]
[kodesolution.website/html/html/health-beauty/medical/medizone-html/v2.0/demo/index-mp-layout12-split-slider-home.html]
[kodesolution.website/html/html/health-beauty/medical/medizone-html/v2.0/demo/index-magazine-home.html]
[kodesolution.website/html/html/health-beauty/medical/medizone-html/v2.0/demo/features-preloader.html]
[kodesolution.website/html/html/health-beauty/medical/medizone-html/v2.0/demo/features-header-style1.html]
[kodesolution.website/html/html/health-beauty/medical/medizone-html/v2.0/demo/features-header-style2.html]
[kodesolution.website/html/html/health-beauty/medical/medizone-html/v2.0/demo/features-header-style3.html]
[kodesolution.website/html/html/health-beauty/medical/medizone-html/v2.0/demo/features-header-style4.html]
[kodesolution.website/html/html/health-beauty/medical/medizone-html/v2.0/demo/features-header-style5.html]
[kodesolution.website/html/html/health-beauty/medical/medizone-html/v2.0/demo/features-header-style6.html]
[kodesolution.website/html/html/health-beauty/medical/medizone-html/v2.0/demo/features-page-title-text-left.html]
[kodesolution.website/html/html/health-beauty/medical/medizone-html/v2.0/demo/features-page-title-text-center.html]
[kodesolution.website/html/html/health-beauty/medical/medizone-html/v2.0/demo/features-page-title-text-right.html]
[kodesolution.website/html/html/health-beauty/medical/medizone-html/v2.0/demo/features-page-title-mini-version.html]
[kodesolution.website/html/html/health-beauty/medical/medizone-html/v2.0/demo/features-page-title-big-version.html]
[kodesolution.website/html/html/health-beauty/medical/medizone-html/v2.0/demo/features-page-title-extra-big-version.html]
[kodesolution.website/html/html/health-beauty/medical/medizone-html/v2.0/demo/features-page-title-bg-white.html]
[kodesolution.website/html/html/health-beauty/medical/medizone-html/v2.0/demo/features-page-title-bg-image.html]
[kodesolution.website/html/html/health-beauty/medical/medizone-html/v2.0/demo/features-page-title-bg-image-parallax.html]
[kodesolution.website/html/html/health-beauty/medical/medizone-html/v2.0/demo/features-page-title-bg-video.html]
[kodesolution.website/html/html/health-beauty/medical/medizone-html/v2.0/demo/features-page-title-full-transparent.html]
[kodesolution.website/html/html/health-beauty/medical/medizone-html/v2.0/demo/features-side-push-panel-left-overlay.html]
[kodesolution.website/html/html/health-beauty/medical/medizone-html/v2.0/demo/features-side-push-panel-left-push.html]
[kodesolution.website/html/html/health-beauty/medical/medizone-html/v2.0/demo/features-side-push-panel-right-overlay.html]
[kodesolution.website/html/html/health-beauty/medical/medizone-html/v2.0/demo/features-side-push-panel-right-push.html]
[kodesolution.website/html/html/health-beauty/medical/medizone-html/v2.0/demo/features-menu-style-border-top.html]
[kodesolution.website/html/html/health-beauty/medical/medizone-html/v2.0/demo/features-menu-style-border-bottom.html]
[kodesolution.website/html/html/health-beauty/medical/medizone-html/v2.0/demo/features-menu-style-border-boxed.html]
[kodesolution.website/html/html/health-beauty/medical/medizone-html/v2.0/demo/features-menu-style-border-left.html]
[kodesolution.website/html/html/health-beauty/medical/medizone-html/v2.0/demo/features-menu-style-border-top-bottom.html]
[kodesolution.website/html/html/health-beauty/medical/medizone-html/v2.0/demo/features-menu-style-bottom-trace.html]
[kodesolution.website/html/html/health-beauty/medical/medizone-html/v2.0/demo/features-menu-style-boxed.html]
[kodesolution.website/html/html/health-beauty/medical/medizone-html/v2.0/demo/features-menu-style-colored.html]
[kodesolution.website/html/html/health-beauty/medical/medizone-html/v2.0/demo/features-menu-style-dark.html]
[kodesolution.website/html/html/health-beauty/medical/medizone-html/v2.0/demo/features-menu-style-gradient.html]
[kodesolution.website/html/html/health-beauty/medical/medizone-html/v2.0/demo/features-menu-style-rounded-boxed.html]
[kodesolution.website/html/html/health-beauty/medical/medizone-html/v2.0/demo/features-menu-style-shadow.html]
[kodesolution.website/html/html/health-beauty/medical/medizone-html/v2.0/demo/features-menu-style-strip.html]
[kodesolution.website/html/html/health-beauty/medical/medizone-html/v2.0/demo/features-menu-style-subcolored.html]
[kodesolution.website/html/html/health-beauty/medical/medizone-html/v2.0/demo/features-menu-style-top-bottom-boxed-border.html]
[kodesolution.website/html/html/health-beauty/medical/medizone-html/v2.0/demo/features-rev-slider-premium-templates.html]
[kodesolution.website/html/html/health-beauty/medical/medizone-html/v2.0/demo/features-layerslider-slider-premium-templates.html]
[kodesolution.website/html/html/health-beauty/medical/medizone-html/v2.0/demo/features-master-slider-premium-templates.html]
[kodesolution.website/html/html/health-beauty/medical/medizone-html/v2.0/demo/page-contact3.html]
[kodesolution.website/html/html/health-beauty/medical/medizone-html/v2.0/demo/page-contact4.html]
[kodesolution.website/html/html/health-beauty/medical/medizone-html/v2.0/demo/form-subscribe.html]
[kodesolution.website/html/html/health-beauty/medical/medizone-html/v2.0/demo/form-appointment-style1.html]
[kodesolution.website/html/html/health-beauty/medical/medizone-html/v2.0/demo/form-appointment-style2.html]
[kodesolution.website/html/html/health-beauty/medical/medizone-html/v2.0/demo/form-appointment-style3.html]
[kodesolution.website/html/html/health-beauty/medical/medizone-html/v2.0/demo/form-job-apply-style1.html]
[kodesolution.website/html/html/health-beauty/medical/medizone-html/v2.0/demo/form-job-apply-style2.html]
[kodesolution.website/html/html/health-beauty/medical/medizone-html/v2.0/demo/form-job-apply-style3.html]
[kodesolution.website/html/html/health-beauty/medical/medizone-html/v2.0/demo/form-quick-contact-style1.html]
[kodesolution.website/html/html/health-beauty/medical/medizone-html/v2.0/demo/form-quick-contact-style2.html]
[kodesolution.website/html/html/health-beauty/medical/medizone-html/v2.0/demo/form-quick-contact-style3.html]
[kodesolution.website/html/html/health-beauty/medical/medizone-html/v2.0/demo/features-popup-promo-box.html]
[kodesolution.website/html/html/health-beauty/medical/medizone-html/v2.0/demo/features-popup-promo-box-cookie-enabled.html]
[kodesolution.website/html/html/health-beauty/medical/medizone-html/v2.0/demo/features-footer-style1.html]
[kodesolution.website/html/html/health-beauty/medical/medizone-html/v2.0/demo/features-footer-style2.html]
[kodesolution.website/html/html/health-beauty/medical/medizone-html/v2.0/demo/features-footer-style3.html]
[kodesolution.website/html/html/health-beauty/medical/medizone-html/v2.0/demo/features-footer-style4.html]
[kodesolution.website/html/html/health-beauty/medical/medizone-html/v2.0/demo/features-footer-style5.html]
[kodesolution.website/html/html/health-beauty/medical/medizone-html/v2.0/demo/features-footer-style6.html]
[kodesolution.website/html/html/health-beauty/medical/medizone-html/v2.0/demo/features-footer-style7.html]
[kodesolution.website/html/html/health-beauty/medical/medizone-html/v2.0/demo/features-footer-style8.html]
[kodesolution.website/html/html/health-beauty/medical/medizone-html/v2.0/demo/page-coming-soon-style3.html]
[kodesolution.website/html/html/health-beauty/medical/medizone-html/v2.0/demo/shortcode-countdown-timer.html]
[kodesolution.website/html/html/health-beauty/medical/medizone-html/v2.0/demo/shortcode-flex-sliders.html]
[kodesolution.website/html/html/health-beauty/medical/medizone-html/v2.0/demo/css/bootstrap-rtl.min.css]
[kodesolution.website/html/html/health-beauty/medical/medizone-html/v2.0/demo/css/style-main-rtl.css]
[kodesolution.website/html/html/health-beauty/medical/medizone-html/v2.0/demo/css/style-main-rtl-extra.css]
[kodesolution.website/html/html/health-beauty/medical/medizone-html/v2.0/demo/images/construction/shop-single2.html]
[kodesolution.website/html/html/health-beauty/medical/medizone-html/v2.0/demo/{{link}}.html]
[kodesolution.website/html/html/health-beauty/medical/medizone-html/v2.0/demo/{{image_m}}.html]
[kodesolution.website/html/html/health-beauty/medical/medizone-html/v2.0/demo/images/flat-color-icons-svg/flash_on.svg]
[kodesolution.website/html/html/health-beauty/medical/medizone-html/v2.0/demo/images/flat-color-icons-svg/flash_off.svg]
[kodesolution.website/html/html/health-beauty/medical/medizone-html/v2.0/demo/images/flat-color-icons-svg/flash_auto.svg]
[kodesolution.website/html/html/health-beauty/medical/medizone-html/v2.0/demo/images/flat-color-icons-svg/panorama.svg]
[kodesolution.website/html/html/health-beauty/medical/medizone-html/v2.0/demo/images/flat-color-icons-svg/landscape.svg]
[kodesolution.website/html/html/health-beauty/medical/medizone-html/v2.0/demo/images/flat-color-icons-svg/night_landscape.svg]
[kodesolution.website/html/html/health-beauty/medical/medizone-html/v2.0/demo/images/flat-color-icons-svg/sports_mode.svg]
[kodesolution.website/html/html/health-beauty/medical/medizone-html/v2.0/demo/images/flat-color-icons-svg/portrait_mode.svg]
[kodesolution.website/html/html/health-beauty/medical/medizone-html/v2.0/demo/images/flat-color-icons-svg/night_portrait.svg]
[kodesolution.website/html/html/health-beauty/medical/medizone-html/v2.0/demo/images/flat-color-icons-svg/close_up_mode.svg]
[kodesolution.website/html/html/health-beauty/medical/medizone-html/v2.0/demo/images/flat-color-icons-svg/selfie.svg]
[kodesolution.website/html/html/health-beauty/medical/medizone-html/v2.0/demo/images/flat-color-icons-svg/gallery.svg]
[kodesolution.website/html/html/health-beauty/medical/medizone-html/v2.0/demo/images/flat-color-icons-svg/stack_of_photos.svg]
[kodesolution.website/html/html/health-beauty/medical/medizone-html/v2.0/demo/images/flat-color-icons-svg/add_image.svg]
[kodesolution.website/html/html/health-beauty/medical/medizone-html/v2.0/demo/images/flat-color-icons-svg/edit_image.svg]
[kodesolution.website/html/html/health-beauty/medical/medizone-html/v2.0/demo/images/flat-color-icons-svg/remove_image.svg]
[kodesolution.website/html/html/health-beauty/medical/medizone-html/v2.0/demo/images/flat-color-icons-svg/compact_camera.svg]
[kodesolution.website/html/html/health-beauty/medical/medizone-html/v2.0/demo/images/flat-color-icons-svg/multiple_cameras.svg]
[kodesolution.website/html/html/health-beauty/medical/medizone-html/v2.0/demo/images/flat-color-icons-svg/camera.svg]
[kodesolution.website/html/html/health-beauty/medical/medizone-html/v2.0/demo/images/flat-color-icons-svg/slr_back_side.svg]
[kodesolution.website/html/html/health-beauty/medical/medizone-html/v2.0/demo/images/flat-color-icons-svg/old_time_camera.svg]
[kodesolution.website/html/html/health-beauty/medical/medizone-html/v2.0/demo/images/flat-color-icons-svg/camera_addon.svg]
[kodesolution.website/html/html/health-beauty/medical/medizone-html/v2.0/demo/images/flat-color-icons-svg/camera_identification.svg]
[kodesolution.website/html/html/health-beauty/medical/medizone-html/v2.0/demo/images/flat-color-icons-svg/start.svg]
[kodesolution.website/html/html/health-beauty/medical/medizone-html/v2.0/demo/images/flat-color-icons-svg/clapperboard.svg]
[kodesolution.website/html/html/health-beauty/medical/medizone-html/v2.0/demo/images/flat-color-icons-svg/film.svg]
[kodesolution.website/html/html/health-beauty/medical/medizone-html/v2.0/demo/images/flat-color-icons-svg/camcorder.svg]
[kodesolution.website/html/html/health-beauty/medical/medizone-html/v2.0/demo/images/flat-color-icons-svg/camcorder_pro.svg]
[kodesolution.website/html/html/health-beauty/medical/medizone-html/v2.0/demo/images/flat-color-icons-svg/webcam.svg]
[kodesolution.website/html/html/health-beauty/medical/medizone-html/v2.0/demo/images/flat-color-icons-svg/integrated_webcam.svg]
[kodesolution.website/html/html/health-beauty/medical/medizone-html/v2.0/demo/images/flat-color-icons-svg/rotate_camera.svg]
[kodesolution.website/html/html/health-beauty/medical/medizone-html/v2.0/demo/images/flat-color-icons-svg/switch_camera.svg]
[kodesolution.website/html/html/health-beauty/medical/medizone-html/v2.0/demo/images/flat-color-icons-svg/photo_reel.svg]
[kodesolution.website/html/html/health-beauty/medical/medizone-html/v2.0/demo/images/flat-color-icons-svg/film_reel.svg]
[kodesolution.website/html/html/health-beauty/medical/medizone-html/v2.0/demo/images/flat-color-icons-svg/cable_release.svg]
[kodesolution.website/html/html/health-beauty/medical/medizone-html/v2.0/demo/images/flat-color-icons-svg/home.svg]
[kodesolution.website/html/html/health-beauty/medical/medizone-html/v2.0/demo/images/flat-color-icons-svg/icons8_cup.svg]
[kodesolution.website/html/html/health-beauty/medical/medizone-html/v2.0/demo/images/flat-color-icons-svg/globe.svg]
[kodesolution.website/html/html/health-beauty/medical/medizone-html/v2.0/demo/images/flat-color-icons-svg/ok.svg]
[kodesolution.website/html/html/health-beauty/medical/medizone-html/v2.0/demo/images/flat-color-icons-svg/checkmark.svg]
[kodesolution.website/html/html/health-beauty/medical/medizone-html/v2.0/demo/images/flat-color-icons-svg/cancel.svg]
[kodesolution.website/html/html/health-beauty/medical/medizone-html/v2.0/demo/images/flat-color-icons-svg/synchronize.svg]
[kodesolution.website/html/html/health-beauty/medical/medizone-html/v2.0/demo/images/flat-color-icons-svg/refresh.svg]
[kodesolution.website/html/html/health-beauty/medical/medizone-html/v2.0/demo/images/flat-color-icons-svg/download.svg]
[kodesolution.website/html/html/health-beauty/medical/medizone-html/v2.0/demo/images/flat-color-icons-svg/upload.svg]
[kodesolution.website/html/html/health-beauty/medical/medizone-html/v2.0/demo/images/flat-color-icons-svg/empty_trash.svg]
[kodesolution.website/html/html/health-beauty/medical/medizone-html/v2.0/demo/images/flat-color-icons-svg/full_trash.svg]
[kodesolution.website/html/html/health-beauty/medical/medizone-html/v2.0/demo/images/flat-color-icons-svg/folder.svg]
[kodesolution.website/html/html/health-beauty/medical/medizone-html/v2.0/demo/images/flat-color-icons-svg/opened_folder.svg]
[kodesolution.website/html/html/health-beauty/medical/medizone-html/v2.0/demo/images/flat-color-icons-svg/file.svg]
[kodesolution.website/html/html/health-beauty/medical/medizone-html/v2.0/demo/images/flat-color-icons-svg/document.svg]
[kodesolution.website/html/html/health-beauty/medical/medizone-html/v2.0/demo/images/flat-color-icons-svg/audio_file.svg]
[kodesolution.website/html/html/health-beauty/medical/medizone-html/v2.0/demo/images/flat-color-icons-svg/image_file.svg]
[kodesolution.website/html/html/health-beauty/medical/medizone-html/v2.0/demo/images/flat-color-icons-svg/video_file.svg]
[kodesolution.website/html/html/health-beauty/medical/medizone-html/v2.0/demo/images/flat-color-icons-svg/print.svg]
[kodesolution.website/html/html/health-beauty/medical/medizone-html/v2.0/demo/images/flat-color-icons-svg/music.svg]
[kodesolution.website/html/html/health-beauty/medical/medizone-html/v2.0/demo/images/flat-color-icons-svg/share.svg]
[kodesolution.website/html/html/health-beauty/medical/medizone-html/v2.0/demo/images/flat-color-icons-svg/cursor.svg]
[kodesolution.website/html/html/health-beauty/medical/medizone-html/v2.0/demo/images/flat-color-icons-svg/puzzle.svg]
[kodesolution.website/html/html/health-beauty/medical/medizone-html/v2.0/demo/images/flat-color-icons-svg/unlock.svg]
[kodesolution.website/html/html/health-beauty/medical/medizone-html/v2.0/demo/images/flat-color-icons-svg/lock.svg]
[kodesolution.website/html/html/health-beauty/medical/medizone-html/v2.0/demo/images/flat-color-icons-svg/idea.svg]
[kodesolution.website/html/html/health-beauty/medical/medizone-html/v2.0/demo/images/flat-color-icons-svg/no_idea.svg]
[kodesolution.website/html/html/health-beauty/medical/medizone-html/v2.0/demo/images/flat-color-icons-svg/link.svg]
[kodesolution.website/html/html/health-beauty/medical/medizone-html/v2.0/demo/images/flat-color-icons-svg/broken_link.svg]
[kodesolution.website/html/html/health-beauty/medical/medizone-html/v2.0/demo/images/flat-color-icons-svg/rating.svg]
[kodesolution.website/html/html/health-beauty/medical/medizone-html/v2.0/demo/images/flat-color-icons-svg/like_placeholder.svg]
[kodesolution.website/html/html/health-beauty/medical/medizone-html/v2.0/demo/images/flat-color-icons-svg/like.svg]
[kodesolution.website/html/html/health-beauty/medical/medizone-html/v2.0/demo/images/flat-color-icons-svg/dislike.svg]
[kodesolution.website/html/html/health-beauty/medical/medizone-html/v2.0/demo/images/flat-color-icons-svg/info.svg]
[kodesolution.website/html/html/health-beauty/medical/medizone-html/v2.0/demo/images/flat-color-icons-svg/about.svg]
[kodesolution.website/html/html/health-beauty/medical/medizone-html/v2.0/demo/images/flat-color-icons-svg/picture.svg]
[kodesolution.website/html/html/health-beauty/medical/medizone-html/v2.0/demo/images/flat-color-icons-svg/clock.svg]
[kodesolution.website/html/html/health-beauty/medical/medizone-html/v2.0/demo/images/flat-color-icons-svg/alarm_clock.svg]
[kodesolution.website/html/html/health-beauty/medical/medizone-html/v2.0/demo/images/flat-color-icons-svg/address_book.svg]
[kodesolution.website/html/html/health-beauty/medical/medizone-html/v2.0/demo/images/flat-color-icons-svg/contacts.svg]
[kodesolution.website/html/html/health-beauty/medical/medizone-html/v2.0/demo/images/flat-color-icons-svg/news.svg]
[kodesolution.website/html/html/health-beauty/medical/medizone-html/v2.0/demo/images/flat-color-icons-svg/bookmark.svg]
[kodesolution.website/html/html/health-beauty/medical/medizone-html/v2.0/demo/images/flat-color-icons-svg/binoculars.svg]
[kodesolution.website/html/html/health-beauty/medical/medizone-html/v2.0/demo/images/flat-color-icons-svg/search.svg]
[kodesolution.website/html/html/health-beauty/medical/medizone-html/v2.0/demo/images/flat-color-icons-svg/ruler.svg]
[kodesolution.website/html/html/health-beauty/medical/medizone-html/v2.0/demo/images/flat-color-icons-svg/services.svg]
[kodesolution.website/html/html/health-beauty/medical/medizone-html/v2.0/demo/images/flat-color-icons-svg/settings.svg]
[kodesolution.website/html/html/health-beauty/medical/medizone-html/v2.0/demo/images/flat-color-icons-svg/support.svg]
[kodesolution.website/html/html/health-beauty/medical/medizone-html/v2.0/demo/images/flat-color-icons-svg/frame.svg]
[kodesolution.website/html/html/health-beauty/medical/medizone-html/v2.0/demo/images/flat-color-icons-svg/menu.svg]
[kodesolution.website/html/html/health-beauty/medical/medizone-html/v2.0/demo/images/flat-color-icons-svg/key.svg]
[kodesolution.website/html/html/health-beauty/medical/medizone-html/v2.0/demo/images/flat-color-icons-svg/calendar.svg]
[kodesolution.website/html/html/health-beauty/medical/medizone-html/v2.0/demo/images/flat-color-icons-svg/calculator.svg]
[kodesolution.website/html/html/health-beauty/medical/medizone-html/v2.0/demo/images/flat-color-icons-svg/minus.svg]
[kodesolution.website/html/html/health-beauty/medical/medizone-html/v2.0/demo/images/flat-color-icons-svg/plus.svg]
[kodesolution.website/html/html/health-beauty/medical/medizone-html/v2.0/demo/images/flat-color-icons-svg/graduation_cap.svg]
[kodesolution.website/html/html/health-beauty/medical/medizone-html/v2.0/demo/images/flat-color-icons-svg/briefcase.svg]
[kodesolution.website/html/html/health-beauty/medical/medizone-html/v2.0/demo/images/flat-color-icons-svg/business.svg]
[kodesolution.website/html/html/health-beauty/medical/medizone-html/v2.0/demo/images/flat-color-icons-svg/signature.svg]
[kodesolution.website/html/html/health-beauty/medical/medizone-html/v2.0/demo/images/flat-color-icons-svg/safe.svg]
[kodesolution.website/html/html/health-beauty/medical/medizone-html/v2.0/demo/images/flat-color-icons-svg/advertising.svg]
[kodesolution.website/html/html/health-beauty/medical/medizone-html/v2.0/demo/images/flat-color-icons-svg/businessman.svg]
[kodesolution.website/html/html/health-beauty/medical/medizone-html/v2.0/demo/images/flat-color-icons-svg/businesswoman.svg]
[kodesolution.website/html/html/health-beauty/medical/medizone-html/v2.0/demo/images/flat-color-icons-svg/manager.svg]
[kodesolution.website/html/html/health-beauty/medical/medizone-html/v2.0/demo/images/flat-color-icons-svg/online_support.svg]
[kodesolution.website/html/html/health-beauty/medical/medizone-html/v2.0/demo/images/flat-color-icons-svg/assistant.svg]
[kodesolution.website/html/html/health-beauty/medical/medizone-html/v2.0/demo/images/flat-color-icons-svg/customer_support.svg]
[kodesolution.website/html/html/health-beauty/medical/medizone-html/v2.0/demo/images/flat-color-icons-svg/reading_ebook.svg]
[kodesolution.website/html/html/health-beauty/medical/medizone-html/v2.0/demo/images/flat-color-icons-svg/reading.svg]
[kodesolution.website/html/html/health-beauty/medical/medizone-html/v2.0/demo/images/flat-color-icons-svg/neutral_trading.svg]
[kodesolution.website/html/html/health-beauty/medical/medizone-html/v2.0/demo/images/flat-color-icons-svg/bullish.svg]
[kodesolution.website/html/html/health-beauty/medical/medizone-html/v2.0/demo/images/flat-color-icons-svg/bearish.svg]
[kodesolution.website/html/html/health-beauty/medical/medizone-html/v2.0/demo/images/flat-color-icons-svg/high_priority.svg]
[kodesolution.website/html/html/health-beauty/medical/medizone-html/v2.0/demo/images/flat-color-icons-svg/medium_priority.svg]
[kodesolution.website/html/html/health-beauty/medical/medizone-html/v2.0/demo/images/flat-color-icons-svg/low_priority.svg]
[kodesolution.website/html/html/health-beauty/medical/medizone-html/v2.0/demo/images/flat-color-icons-svg/make_decision.svg]
[kodesolution.website/html/html/health-beauty/medical/medizone-html/v2.0/demo/images/flat-color-icons-svg/decision.svg]
[kodesolution.website/html/html/health-beauty/medical/medizone-html/v2.0/demo/images/flat-color-icons-svg/good_decision.svg]
[kodesolution.website/html/html/health-beauty/medical/medizone-html/v2.0/demo/images/flat-color-icons-svg/neutral_decision.svg]
[kodesolution.website/html/html/health-beauty/medical/medizone-html/v2.0/demo/images/flat-color-icons-svg/bad_decision.svg]
[kodesolution.website/html/html/health-beauty/medical/medizone-html/v2.0/demo/images/flat-color-icons-svg/approve.svg]
[kodesolution.website/html/html/health-beauty/medical/medizone-html/v2.0/demo/images/flat-color-icons-svg/disapprove.svg]
[kodesolution.website/html/html/health-beauty/medical/medizone-html/v2.0/demo/images/flat-color-icons-svg/podium_without_speaker.svg]
[kodesolution.website/html/html/health-beauty/medical/medizone-html/v2.0/demo/images/flat-color-icons-svg/podium_with_speaker.svg]
[kodesolution.website/html/html/health-beauty/medical/medizone-html/v2.0/demo/images/flat-color-icons-svg/podium_with_audience.svg]
[kodesolution.website/html/html/health-beauty/medical/medizone-html/v2.0/demo/images/flat-color-icons-svg/video_projector.svg]
[kodesolution.website/html/html/health-beauty/medical/medizone-html/v2.0/demo/images/flat-color-icons-svg/statistics.svg]
[kodesolution.website/html/html/health-beauty/medical/medizone-html/v2.0/demo/images/flat-color-icons-svg/collaboration.svg]
[kodesolution.website/html/html/health-beauty/medical/medizone-html/v2.0/demo/images/flat-color-icons-svg/voice_presentation.svg]
[kodesolution.website/html/html/health-beauty/medical/medizone-html/v2.0/demo/images/flat-color-icons-svg/conference_call.svg]
[kodesolution.website/html/html/health-beauty/medical/medizone-html/v2.0/demo/images/flat-color-icons-svg/comments.svg]
[kodesolution.website/html/html/health-beauty/medical/medizone-html/v2.0/demo/images/flat-color-icons-svg/faq.svg]
[kodesolution.website/html/html/health-beauty/medical/medizone-html/v2.0/demo/images/flat-color-icons-svg/reuse.svg]
[kodesolution.website/html/html/health-beauty/medical/medizone-html/v2.0/demo/images/flat-color-icons-svg/organization.svg]
[kodesolution.website/html/html/health-beauty/medical/medizone-html/v2.0/demo/images/flat-color-icons-svg/department.svg]
[kodesolution.website/html/html/health-beauty/medical/medizone-html/v2.0/demo/images/flat-color-icons-svg/library.svg]
[kodesolution.website/html/html/health-beauty/medical/medizone-html/v2.0/demo/images/flat-color-icons-svg/shop.svg]
[kodesolution.website/html/html/health-beauty/medical/medizone-html/v2.0/demo/images/flat-color-icons-svg/self_service_kiosk.svg]
[kodesolution.website/html/html/health-beauty/medical/medizone-html/v2.0/demo/images/flat-color-icons-svg/donate.svg]
[kodesolution.website/html/html/health-beauty/medical/medizone-html/v2.0/demo/images/flat-color-icons-svg/currency_exchange.svg]
[kodesolution.website/html/html/health-beauty/medical/medizone-html/v2.0/demo/images/flat-color-icons-svg/debt.svg]
[kodesolution.website/html/html/health-beauty/medical/medizone-html/v2.0/demo/images/flat-color-icons-svg/sales_performance.svg]
[kodesolution.website/html/html/health-beauty/medical/medizone-html/v2.0/demo/images/flat-color-icons-svg/invite.svg]
[kodesolution.website/html/html/health-beauty/medical/medizone-html/v2.0/demo/images/flat-color-icons-svg/money_transfer.svg]
[kodesolution.website/html/html/health-beauty/medical/medizone-html/v2.0/demo/images/flat-color-icons-svg/feedback.svg]
[kodesolution.website/html/html/health-beauty/medical/medizone-html/v2.0/demo/images/flat-color-icons-svg/approval.svg]
[kodesolution.website/html/html/health-beauty/medical/medizone-html/v2.0/demo/images/flat-color-icons-svg/paid.svg]
[kodesolution.website/html/html/health-beauty/medical/medizone-html/v2.0/demo/images/flat-color-icons-svg/in_transit.svg]
[kodesolution.website/html/html/health-beauty/medical/medizone-html/v2.0/demo/images/flat-color-icons-svg/shipped.svg]
[kodesolution.website/html/html/health-beauty/medical/medizone-html/v2.0/demo/images/flat-color-icons-svg/package.svg]
[kodesolution.website/html/html/health-beauty/medical/medizone-html/v2.0/demo/images/flat-color-icons-svg/planner.svg]
[kodesolution.website/html/html/health-beauty/medical/medizone-html/v2.0/demo/images/flat-color-icons-svg/overtime.svg]
[kodesolution.website/html/html/health-beauty/medical/medizone-html/v2.0/demo/images/flat-color-icons-svg/leave.svg]
[kodesolution.website/html/html/health-beauty/medical/medizone-html/v2.0/demo/images/flat-color-icons-svg/expired.svg]
[kodesolution.website/html/html/health-beauty/medical/medizone-html/v2.0/demo/images/flat-color-icons-svg/process.svg]
[kodesolution.website/html/html/health-beauty/medical/medizone-html/v2.0/demo/images/flat-color-icons-svg/diploma_1.svg]
[kodesolution.website/html/html/health-beauty/medical/medizone-html/v2.0/demo/images/flat-color-icons-svg/diploma_2.svg]
[kodesolution.website/html/html/health-beauty/medical/medizone-html/v2.0/demo/images/flat-color-icons-svg/business_contact.svg]
[kodesolution.website/html/html/health-beauty/medical/medizone-html/v2.0/demo/images/flat-color-icons-svg/survey.svg]
[kodesolution.website/html/html/health-beauty/medical/medizone-html/v2.0/demo/images/flat-color-icons-svg/inspection.svg]
[kodesolution.website/html/html/health-beauty/medical/medizone-html/v2.0/demo/images/flat-color-icons-svg/rules.svg]
[kodesolution.website/html/html/health-beauty/medical/medizone-html/v2.0/demo/images/flat-color-icons-svg/todo_list.svg]
[kodesolution.website/html/html/health-beauty/medical/medizone-html/v2.0/demo/images/flat-color-icons-svg/ratings.svg]
[kodesolution.website/html/html/health-beauty/medical/medizone-html/v2.0/demo/images/flat-color-icons-svg/questions.svg]
[kodesolution.website/html/html/health-beauty/medical/medizone-html/v2.0/demo/images/flat-color-icons-svg/answers.svg]
[kodesolution.website/html/html/health-beauty/medical/medizone-html/v2.0/demo/images/flat-color-icons-svg/fine_print.svg]
[kodesolution.website/html/html/health-beauty/medical/medizone-html/v2.0/demo/images/flat-color-icons-svg/candle_sticks.svg]
[kodesolution.website/html/html/health-beauty/medical/medizone-html/v2.0/demo/images/flat-color-icons-svg/serial_tasks.svg]
[kodesolution.website/html/html/health-beauty/medical/medizone-html/v2.0/demo/images/flat-color-icons-svg/parallel_tasks.svg]
[kodesolution.website/html/html/health-beauty/medical/medizone-html/v2.0/demo/images/flat-color-icons-svg/tree_structure.svg]
[kodesolution.website/html/html/health-beauty/medical/medizone-html/v2.0/demo/images/flat-color-icons-svg/org_unit.svg]
[kodesolution.website/html/html/health-beauty/medical/medizone-html/v2.0/demo/images/flat-color-icons-svg/privacy.svg]
[kodesolution.website/html/html/health-beauty/medical/medizone-html/v2.0/demo/images/flat-color-icons-svg/disclaimer.svg]
[kodesolution.website/html/html/health-beauty/medical/medizone-html/v2.0/demo/images/flat-color-icons-svg/callback.svg]
[kodesolution.website/html/html/health-beauty/medical/medizone-html/v2.0/demo/images/flat-color-icons-svg/service_mark.svg]
[kodesolution.website/html/html/health-beauty/medical/medizone-html/v2.0/demo/images/flat-color-icons-svg/registered_trademark.svg]
[kodesolution.website/html/html/health-beauty/medical/medizone-html/v2.0/demo/images/flat-color-icons-svg/trademark.svg]
[kodesolution.website/html/html/health-beauty/medical/medizone-html/v2.0/demo/images/flat-color-icons-svg/copyright.svg]
[kodesolution.website/html/html/health-beauty/medical/medizone-html/v2.0/demo/images/flat-color-icons-svg/copyleft.svg]
[kodesolution.website/html/html/health-beauty/medical/medizone-html/v2.0/demo/images/flat-color-icons-svg/sound_recording_copyright.svg]
[kodesolution.website/html/html/health-beauty/medical/medizone-html/v2.0/demo/images/flat-color-icons-svg/butting_in.svg]
[kodesolution.website/html/html/health-beauty/medical/medizone-html/v2.0/demo/images/flat-color-icons-svg/multiple_inputs.svg]
[kodesolution.website/html/html/health-beauty/medical/medizone-html/v2.0/demo/images/flat-color-icons-svg/collect.svg]
[kodesolution.website/html/html/health-beauty/medical/medizone-html/v2.0/demo/images/flat-color-icons-svg/internal.svg]
[kodesolution.website/html/html/health-beauty/medical/medizone-html/v2.0/demo/images/flat-color-icons-svg/external.svg]
[kodesolution.website/html/html/health-beauty/medical/medizone-html/v2.0/demo/images/flat-color-icons-svg/vip.svg]
[kodesolution.website/html/html/health-beauty/medical/medizone-html/v2.0/demo/images/flat-color-icons-svg/light_at_the_end_of_tunnel.svg]
[kodesolution.website/html/html/health-beauty/medical/medizone-html/v2.0/demo/images/flat-color-icons-svg/entering_heaven_alive.svg]
[kodesolution.website/html/html/health-beauty/medical/medizone-html/v2.0/demo/images/flat-color-icons-svg/biomass.svg]
[kodesolution.website/html/html/health-beauty/medical/medizone-html/v2.0/demo/images/flat-color-icons-svg/display.svg]
[kodesolution.website/html/html/health-beauty/medical/medizone-html/v2.0/demo/images/flat-color-icons-svg/do_not_inhale.svg]
[kodesolution.website/html/html/health-beauty/medical/medizone-html/v2.0/demo/images/flat-color-icons-svg/factory.svg]
[kodesolution.website/html/html/health-beauty/medical/medizone-html/v2.0/demo/images/flat-color-icons-svg/factory_breakdown.svg]
[kodesolution.website/html/html/health-beauty/medical/medizone-html/v2.0/demo/images/flat-color-icons-svg/crystal_oscillator.svg]
[kodesolution.website/html/html/health-beauty/medical/medizone-html/v2.0/demo/images/flat-color-icons-svg/capacitor.svg]
[kodesolution.website/html/html/health-beauty/medical/medizone-html/v2.0/demo/images/flat-color-icons-svg/electricity.svg]
[kodesolution.website/html/html/health-beauty/medical/medizone-html/v2.0/demo/images/flat-color-icons-svg/electro_devices.svg]
[kodesolution.website/html/html/health-beauty/medical/medizone-html/v2.0/demo/images/flat-color-icons-svg/electrical_sensor.svg]
[kodesolution.website/html/html/health-beauty/medical/medizone-html/v2.0/demo/images/flat-color-icons-svg/electrical_threshold.svg]
[kodesolution.website/html/html/health-beauty/medical/medizone-html/v2.0/demo/images/flat-color-icons-svg/automotive.svg]
[kodesolution.website/html/html/health-beauty/medical/medizone-html/v2.0/demo/images/flat-color-icons-svg/feed_in.svg]
[kodesolution.website/html/html/health-beauty/medical/medizone-html/v2.0/demo/images/flat-color-icons-svg/dam.svg]
[kodesolution.website/html/html/health-beauty/medical/medizone-html/v2.0/demo/images/flat-color-icons-svg/biotech.svg]
[kodesolution.website/html/html/health-beauty/medical/medizone-html/v2.0/demo/images/flat-color-icons-svg/advance.svg]
[kodesolution.website/html/html/health-beauty/medical/medizone-html/v2.0/demo/images/flat-color-icons-svg/cloth.svg]
[kodesolution.website/html/html/health-beauty/medical/medizone-html/v2.0/demo/images/flat-color-icons-svg/electronics.svg]
[kodesolution.website/html/html/health-beauty/medical/medizone-html/v2.0/demo/images/flat-color-icons-svg/deployment.svg]
[kodesolution.website/html/html/health-beauty/medical/medizone-html/v2.0/demo/images/flat-color-icons-svg/automatic.svg]
[kodesolution.website/html/html/health-beauty/medical/medizone-html/v2.0/demo/images/flat-color-icons-svg/do_not_insert.svg]
[kodesolution.website/html/html/health-beauty/medical/medizone-html/v2.0/demo/images/flat-color-icons-svg/do_not_mix.svg]
[kodesolution.website/html/html/health-beauty/medical/medizone-html/v2.0/demo/images/flat-color-icons-svg/biohazard.svg]
[kodesolution.website/html/html/health-beauty/medical/medizone-html/v2.0/demo/images/flat-color-icons-svg/circuit.svg]
[kodesolution.website/html/html/health-beauty/medical/medizone-html/v2.0/demo/images/flat-color-icons-svg/engineering.svg]
[kodesolution.website/html/html/health-beauty/medical/medizone-html/v2.0/demo/images/flat-color-icons-svg/cell_phone.svg]
[kodesolution.website/html/html/health-beauty/medical/medizone-html/v2.0/demo/images/flat-color-icons-svg/iphone.svg]
[kodesolution.website/html/html/health-beauty/medical/medizone-html/v2.0/demo/images/flat-color-icons-svg/ipad.svg]
[kodesolution.website/html/html/health-beauty/medical/medizone-html/v2.0/demo/images/flat-color-icons-svg/phone_android.svg]
[kodesolution.website/html/html/health-beauty/medical/medizone-html/v2.0/demo/images/flat-color-icons-svg/tablet_android.svg]
[kodesolution.website/html/html/health-beauty/medical/medizone-html/v2.0/demo/images/flat-color-icons-svg/nook.svg]
[kodesolution.website/html/html/health-beauty/medical/medizone-html/v2.0/demo/images/flat-color-icons-svg/kindle.svg]
[kodesolution.website/html/html/health-beauty/medical/medizone-html/v2.0/demo/images/flat-color-icons-svg/two_smartphones.svg]
[kodesolution.website/html/html/health-beauty/medical/medizone-html/v2.0/demo/images/flat-color-icons-svg/multiple_devices.svg]
[kodesolution.website/html/html/health-beauty/medical/medizone-html/v2.0/demo/images/flat-color-icons-svg/multiple_smartphones.svg]
[kodesolution.website/html/html/health-beauty/medical/medizone-html/v2.0/demo/images/flat-color-icons-svg/smartphone_tablet.svg]
[kodesolution.website/html/html/health-beauty/medical/medizone-html/v2.0/demo/images/flat-color-icons-svg/touchscreen_smartphone.svg]
[kodesolution.website/html/html/health-beauty/medical/medizone-html/v2.0/demo/images/flat-color-icons-svg/sim_card.svg]
[kodesolution.website/html/html/health-beauty/medical/medizone-html/v2.0/demo/images/flat-color-icons-svg/sim_card_chip.svg]
[kodesolution.website/html/html/health-beauty/medical/medizone-html/v2.0/demo/images/flat-color-icons-svg/sms.svg]
[kodesolution.website/html/html/health-beauty/medical/medizone-html/v2.0/demo/images/flat-color-icons-svg/mms.svg]
[kodesolution.website/html/html/health-beauty/medical/medizone-html/v2.0/demo/images/flat-color-icons-svg/charge_battery.svg]
[kodesolution.website/html/html/health-beauty/medical/medizone-html/v2.0/demo/images/flat-color-icons-svg/full_battery.svg]
[kodesolution.website/html/html/health-beauty/medical/medizone-html/v2.0/demo/images/flat-color-icons-svg/high_battery.svg]
[kodesolution.website/html/html/health-beauty/medical/medizone-html/v2.0/demo/images/flat-color-icons-svg/middle_battery.svg]
[kodesolution.website/html/html/health-beauty/medical/medizone-html/v2.0/demo/images/flat-color-icons-svg/low_battery.svg]
[kodesolution.website/html/html/health-beauty/medical/medizone-html/v2.0/demo/images/flat-color-icons-svg/empty_battery.svg]
[kodesolution.website/html/html/health-beauty/medical/medizone-html/v2.0/demo/images/flat-color-icons-svg/phone.svg]
[kodesolution.website/html/html/health-beauty/medical/medizone-html/v2.0/demo/images/flat-color-icons-svg/missed_call.svg]
[kodesolution.website/html/html/health-beauty/medical/medizone-html/v2.0/demo/images/flat-color-icons-svg/end_call.svg]
[kodesolution.website/html/html/health-beauty/medical/medizone-html/v2.0/demo/images/flat-color-icons-svg/call_transfer.svg]
[kodesolution.website/html/html/health-beauty/medical/medizone-html/v2.0/demo/images/flat-color-icons-svg/video_call.svg]
[kodesolution.website/html/html/health-beauty/medical/medizone-html/v2.0/demo/images/flat-color-icons-svg/no_video.svg]
[kodesolution.website/html/html/health-beauty/medical/medizone-html/v2.0/demo/images/flat-color-icons-svg/rotate_to_portrait.svg]
[kodesolution.website/html/html/health-beauty/medical/medizone-html/v2.0/demo/images/flat-color-icons-svg/lock_portrait.svg]
[kodesolution.website/html/html/health-beauty/medical/medizone-html/v2.0/demo/images/flat-color-icons-svg/rotate_to_landscape.svg]
[kodesolution.website/html/html/health-beauty/medical/medizone-html/v2.0/demo/images/flat-color-icons-svg/lock_landscape.svg]
[kodesolution.website/html/html/health-beauty/medical/medizone-html/v2.0/demo/images/flat-color-icons-svg/voicemail.svg]
[kodesolution.website/html/html/health-beauty/medical/medizone-html/v2.0/demo/images/flat-color-icons-svg/speaker.svg]
[kodesolution.website/html/html/health-beauty/medical/medizone-html/v2.0/demo/images/flat-color-icons-svg/headset.svg]
[kodesolution.website/html/html/health-beauty/medical/medizone-html/v2.0/demo/images/flat-color-icons-svg/left_up.svg]
[kodesolution.website/html/html/health-beauty/medical/medizone-html/v2.0/demo/images/flat-color-icons-svg/up.svg]
[kodesolution.website/html/html/health-beauty/medical/medizone-html/v2.0/demo/images/flat-color-icons-svg/right_up.svg]
[kodesolution.website/html/html/health-beauty/medical/medizone-html/v2.0/demo/images/flat-color-icons-svg/left.svg]
[kodesolution.website/html/html/health-beauty/medical/medizone-html/v2.0/demo/images/flat-color-icons-svg/right.svg]
[kodesolution.website/html/html/health-beauty/medical/medizone-html/v2.0/demo/images/flat-color-icons-svg/left_down.svg]
[kodesolution.website/html/html/health-beauty/medical/medizone-html/v2.0/demo/images/flat-color-icons-svg/down.svg]
[kodesolution.website/html/html/health-beauty/medical/medizone-html/v2.0/demo/images/flat-color-icons-svg/right_down.svg]
[kodesolution.website/html/html/health-beauty/medical/medizone-html/v2.0/demo/images/flat-color-icons-svg/collapse.svg]
[kodesolution.website/html/html/health-beauty/medical/medizone-html/v2.0/demo/images/flat-color-icons-svg/previous.svg]
[kodesolution.website/html/html/health-beauty/medical/medizone-html/v2.0/demo/images/flat-color-icons-svg/next.svg]
[kodesolution.website/html/html/health-beauty/medical/medizone-html/v2.0/demo/images/flat-color-icons-svg/expand.svg]
[kodesolution.website/html/html/health-beauty/medical/medizone-html/v2.0/demo/images/flat-color-icons-svg/left_down2.svg]
[kodesolution.website/html/html/health-beauty/medical/medizone-html/v2.0/demo/images/flat-color-icons-svg/up_left.svg]
[kodesolution.website/html/html/health-beauty/medical/medizone-html/v2.0/demo/images/flat-color-icons-svg/down_right.svg]
[kodesolution.website/html/html/health-beauty/medical/medizone-html/v2.0/demo/images/flat-color-icons-svg/right_up2.svg]
[kodesolution.website/html/html/health-beauty/medical/medizone-html/v2.0/demo/images/flat-color-icons-svg/up_right.svg]
[kodesolution.website/html/html/health-beauty/medical/medizone-html/v2.0/demo/images/flat-color-icons-svg/right_down2.svg]
[kodesolution.website/html/html/health-beauty/medical/medizone-html/v2.0/demo/images/flat-color-icons-svg/left_up2.svg]
[kodesolution.website/html/html/health-beauty/medical/medizone-html/v2.0/demo/images/flat-color-icons-svg/down_left.svg]
[kodesolution.website/html/html/health-beauty/medical/medizone-html/v2.0/demo/images/flat-color-icons-svg/undo.svg]
[kodesolution.website/html/html/health-beauty/medical/medizone-html/v2.0/demo/images/flat-color-icons-svg/redo.svg]
[kodesolution.website/html/html/health-beauty/medical/medizone-html/v2.0/demo/images/flat-color-icons-svg/filing_cabinet.svg]
[kodesolution.website/html/html/health-beauty/medical/medizone-html/v2.0/demo/images/flat-color-icons-svg/database.svg]
[kodesolution.website/html/html/health-beauty/medical/medizone-html/v2.0/demo/images/flat-color-icons-svg/accept_database.svg]
[kodesolution.website/html/html/health-beauty/medical/medizone-html/v2.0/demo/images/flat-color-icons-svg/add_database.svg]
[kodesolution.website/html/html/health-beauty/medical/medizone-html/v2.0/demo/images/flat-color-icons-svg/delete_database.svg]
[kodesolution.website/html/html/health-beauty/medical/medizone-html/v2.0/demo/images/flat-color-icons-svg/data_backup.svg]
[kodesolution.website/html/html/health-beauty/medical/medizone-html/v2.0/demo/images/flat-color-icons-svg/data_recovery.svg]
[kodesolution.website/html/html/health-beauty/medical/medizone-html/v2.0/demo/images/flat-color-icons-svg/data_configuration.svg]
[kodesolution.website/html/html/health-beauty/medical/medizone-html/v2.0/demo/images/flat-color-icons-svg/data_encryption.svg]
[kodesolution.website/html/html/health-beauty/medical/medizone-html/v2.0/demo/images/flat-color-icons-svg/data_protection.svg]
[kodesolution.website/html/html/health-beauty/medical/medizone-html/v2.0/demo/images/flat-color-icons-svg/grid.svg]
[kodesolution.website/html/html/health-beauty/medical/medizone-html/v2.0/demo/images/flat-color-icons-svg/data_sheet.svg]
[kodesolution.website/html/html/health-beauty/medical/medizone-html/v2.0/demo/images/flat-color-icons-svg/add_column.svg]
[kodesolution.website/html/html/health-beauty/medical/medizone-html/v2.0/demo/images/flat-color-icons-svg/delete_column.svg]
[kodesolution.website/html/html/health-beauty/medical/medizone-html/v2.0/demo/images/flat-color-icons-svg/add_row.svg]
[kodesolution.website/html/html/health-beauty/medical/medizone-html/v2.0/demo/images/flat-color-icons-svg/delete_row.svg]
[kodesolution.website/html/html/health-beauty/medical/medizone-html/v2.0/demo/images/flat-color-icons-svg/generic_sorting_asc.svg]
[kodesolution.website/html/html/health-beauty/medical/medizone-html/v2.0/demo/images/flat-color-icons-svg/generic_sorting_desc.svg]
[kodesolution.website/html/html/health-beauty/medical/medizone-html/v2.0/demo/images/flat-color-icons-svg/alphabetical_sorting_az.svg]
[kodesolution.website/html/html/health-beauty/medical/medizone-html/v2.0/demo/images/flat-color-icons-svg/alphabetical_sorting_za.svg]
[kodesolution.website/html/html/health-beauty/medical/medizone-html/v2.0/demo/images/flat-color-icons-svg/numerical_sorting_21.svg]
[kodesolution.website/html/html/health-beauty/medical/medizone-html/v2.0/demo/images/flat-color-icons-svg/numerical_sorting_12.svg]
[kodesolution.website/html/html/health-beauty/medical/medizone-html/v2.0/demo/images/flat-color-icons-svg/empty_filter.svg]
[kodesolution.website/html/html/health-beauty/medical/medizone-html/v2.0/demo/images/flat-color-icons-svg/filled_filter.svg]
[kodesolution.website/html/html/health-beauty/medical/medizone-html/v2.0/demo/images/flat-color-icons-svg/clear_filters.svg]
[kodesolution.website/html/html/health-beauty/medical/medizone-html/v2.0/demo/images/flat-color-icons-svg/pie_chart.svg]
[kodesolution.website/html/html/health-beauty/medical/medizone-html/v2.0/demo/images/flat-color-icons-svg/radar_plot.svg]
[kodesolution.website/html/html/health-beauty/medical/medizone-html/v2.0/demo/images/flat-color-icons-svg/heat_map.svg]
[kodesolution.website/html/html/health-beauty/medical/medizone-html/v2.0/demo/images/flat-color-icons-svg/timeline.svg]
[kodesolution.website/html/html/health-beauty/medical/medizone-html/v2.0/demo/images/flat-color-icons-svg/bar_chart.svg]
[kodesolution.website/html/html/health-beauty/medical/medizone-html/v2.0/demo/images/flat-color-icons-svg/area_chart.svg]
[kodesolution.website/html/html/health-beauty/medical/medizone-html/v2.0/demo/images/flat-color-icons-svg/scatter_plot.svg]
[kodesolution.website/html/html/health-beauty/medical/medizone-html/v2.0/demo/images/flat-color-icons-svg/doughnut_chart.svg]
[kodesolution.website/html/html/health-beauty/medical/medizone-html/v2.0/demo/images/flat-color-icons-svg/combo_chart.svg]
[kodesolution.website/html/html/health-beauty/medical/medizone-html/v2.0/demo/images/flat-color-icons-svg/flow_chart.svg]
[kodesolution.website/html/html/health-beauty/medical/medizone-html/v2.0/demo/images/flat-color-icons-svg/line_chart.svg]
[kodesolution.website/html/html/health-beauty/medical/medizone-html/v2.0/demo/images/flat-color-icons-svg/genealogy.svg]
[kodesolution.website/html/html/health-beauty/medical/medizone-html/v2.0/demo/images/flat-color-icons-svg/mind_map.svg]
[kodesolution.website/html/html/health-beauty/medical/medizone-html/v2.0/demo/images/flat-color-icons-svg/workflow.svg]
[kodesolution.website/html/html/health-beauty/medical/medizone-html/v2.0/demo/images/flat-color-icons-svg/positive_dynamic.svg]
[kodesolution.website/html/html/health-beauty/medical/medizone-html/v2.0/demo/images/flat-color-icons-svg/negative_dynamic.svg]
[kodesolution.website/html/html/health-beauty/medical/medizone-html/v2.0/demo/images/flat-color-icons-svg/export.svg]
[kodesolution.website/html/html/health-beauty/medical/medizone-html/v2.0/demo/images/flat-color-icons-svg/import.svg]
[kodesolution.website/html/html/health-beauty/medical/medizone-html/v2.0/demo/images/flat-color-icons-svg/list.svg]
[kodesolution.website/html/html/health-beauty/medical/medizone-html/v2.0/demo/images/flat-color-icons-svg/template.svg]
[kodesolution.website/html/html/health-beauty/medical/medizone-html/v2.0/demo/images/flat-color-icons-svg/view_details.svg]
[kodesolution.website/html/html/health-beauty/medical/medizone-html/v2.0/demo/{{image}}.html]
[kodesolution.website/html/html/health-beauty/medical/medizone-html/v2.0/demo/%url%.html]
[kodesolution.website/html/html/health-beauty/medical/medizone-html/v2.0/demo/'+item.el.html]
[kodesolution.website/html/html/health-beauty/medical/medizone-html/v2.0/demo/ajax-load/donation-form.html]
[kodesolution.website/html/html/health-beauty/medical/medizone-html/v2.0/demo/images/clients/b1.html]
[kodesolution.website/html/html/health-beauty/medical/medizone-html/v2.0/demo/images/clients/b2.html]
[kodesolution.website/html/html/health-beauty/medical/medizone-html/v2.0/demo/images/clients/b3.html]
[kodesolution.website/html/html/health-beauty/medical/medizone-html/v2.0/demo/images/clients/b4.html]
[kodesolution.website/html/html/health-beauty/medical/medizone-html/v2.0/demo/images/clients/b5.html]
[kodesolution.website/html/html/health-beauty/medical/medizone-html/v2.0/demo/images/clients/b6.html]
[kodesolution.website/html/html/health-beauty/medical/medizone-html/v2.0/demo/js/classycountdown/css/jquery.classycountdown.css]
[kodesolution.website/html/html/health-beauty/medical/medizone-html/v2.0/demo/js/vertical-timeline/img/cd-icon-picture.svg]
[kodesolution.website/html/html/health-beauty/medical/medizone-html/v2.0/demo/js/vertical-timeline/img/cd-icon-movie.svg]
[kodesolution.website/html/html/health-beauty/medical/medizone-html/v2.0/demo/js/vertical-timeline/img/cd-icon-location.svg]
[kodesolution.website/html/html/health-beauty/medical/medizone-html/v2.0/demo/images/logo-square-black.html]
[kodesolution.website/html/html/health-beauty/medical/medizone-html/v2.0/demo/images/logo-square.html]
[kodesolution.website/html/html/health-beauty/medical/medizone-html/v2.0/demo/fonts/fontawesome-webfont3295.svg]
[kodesolution.website/html/html/health-beauty/medical/medizone-html/v2.0/demo/fonts/Pe-icon-7-strokebb1d.svg]
[kodesolution.website/html/html/health-beauty/medical/medizone-html/v2.0/demo/fonts/ElegantIcons.svg]
[kodesolution.website/html/html/health-beauty/medical/medizone-html/v2.0/demo/fonts/flaticons/flaticon-set-dental.svg]
[kodesolution.website/html/html/health-beauty/medical/medizone-html/v2.0/demo/fonts/flaticons/flaticon-set-medicalff07.svg]
